Component: ARM Compiler 5.06 update 5 (build 528) Tool: armlink [4d35e2]

==============================================================================

Section Cross References

    analogin_api.o(i.analogin_init) refers to mbed_pinmap_common.o(i.pinmap_peripheral) for pinmap_peripheral
    analogin_api.o(i.analogin_init) refers to mbed_assert.o(i.mbed_assert_internal) for mbed_assert_internal
    analogin_api.o(i.analogin_init) refers to mbed_pinmap_common.o(i.pinmap_pinout) for pinmap_pinout
    analogin_api.o(i.analogin_init) refers to analogin_api.o(.constdata) for .constdata
    analogin_api.o(i.analogin_init) refers to analogin_api.o(.conststring) for .conststring
    analogin_api.o(i.analogin_init) refers to system_LPC17xx.o(.data) for SystemCoreClock
    analogin_api.o(i.analogin_read) refers to fflt_clz.o(x$fpl$ffltu) for __aeabi_ui2f
    analogin_api.o(i.analogin_read) refers to fmul.o(x$fpl$fmul) for __aeabi_fmul
    analogout_api.o(i.analogout_init) refers to mbed_pinmap_common.o(i.pinmap_peripheral) for pinmap_peripheral
    analogout_api.o(i.analogout_init) refers to mbed_assert.o(i.mbed_assert_internal) for mbed_assert_internal
    analogout_api.o(i.analogout_init) refers to mbed_pinmap_common.o(i.pinmap_pinout) for pinmap_pinout
    analogout_api.o(i.analogout_init) refers to analogout_api.o(.constdata) for .constdata
    analogout_api.o(i.analogout_init) refers to analogout_api.o(.conststring) for .conststring
    analogout_api.o(i.analogout_read) refers to fflt_clz.o(x$fpl$ffltu) for __aeabi_ui2f
    analogout_api.o(i.analogout_read) refers to fmul.o(x$fpl$fmul) for __aeabi_fmul
    analogout_api.o(i.analogout_write) refers to fmul.o(x$fpl$fmul) for __aeabi_fmul
    analogout_api.o(i.analogout_write) refers to ffix.o(x$fpl$ffix) for __aeabi_f2iz
    can_api.o(i.can_frequency) refers to system_LPC17xx.o(.data) for SystemCoreClock
    can_api.o(i.can_frequency) refers to can_api.o(.constdata) for .constdata
    can_api.o(i.can_init) refers to mbed_pinmap_common.o(i.pinmap_peripheral) for pinmap_peripheral
    can_api.o(i.can_init) refers to mbed_pinmap_common.o(i.pinmap_merge) for pinmap_merge
    can_api.o(i.can_init) refers to mbed_assert.o(i.mbed_assert_internal) for mbed_assert_internal
    can_api.o(i.can_init) refers to mbed_pinmap_common.o(i.pinmap_pinout) for pinmap_pinout
    can_api.o(i.can_init) refers to can_api.o(i.can_frequency) for can_frequency
    can_api.o(i.can_init) refers to can_api.o(.constdata) for .constdata
    can_api.o(i.can_init) refers to can_api.o(.conststring) for .conststring
    can_api.o(i.can_irq) refers to can_api.o(.data) for .data
    can_api.o(i.can_irq_free) refers to can_api.o(.data) for .data
    can_api.o(i.can_irq_init) refers to can_api.o(.data) for .data
    can_api.o(i.can_irq_n) refers to can_api.o(i.can_irq) for can_irq
    can_api.o(i.can_irq_set) refers to cmsis_nvic.o(i.__NVIC_SetVector) for __NVIC_SetVector
    can_api.o(i.can_irq_set) refers to can_api.o(i.can_irq_n) for can_irq_n
    can_api.o(i.can_read) refers to rt_memcpy_w.o(.text) for __aeabi_memcpy4
    can_api.o(i.can_write) refers to rt_memcpy_w.o(.text) for __aeabi_memcpy4
    cmsis_nvic.o(i.__NVIC_SetVector) refers to rt_memcpy_w.o(.text) for __aeabi_memcpy4
    ethernet_api.o(i.ethernet_address) refers to mbed_interface.o(i.mbed_mac_address) for mbed_mac_address
    ethernet_api.o(i.ethernet_init) refers to ethernet_api.o(i.phy_read) for phy_read
    ethernet_api.o(i.ethernet_init) refers to mbed_error.o(i.error) for error
    ethernet_api.o(i.ethernet_init) refers to ethernet_api.o(i.ethernet_set_link) for ethernet_set_link
    ethernet_api.o(i.ethernet_init) refers to mbed_interface.o(i.mbed_mac_address) for mbed_mac_address
    ethernet_api.o(i.ethernet_init) refers to system_LPC17xx.o(.data) for SystemCoreClock
    ethernet_api.o(i.ethernet_init) refers to ethernet_api.o(.data) for .data
    ethernet_api.o(i.ethernet_init) refers to ethernet_api.o(AHBSRAM1) for AHBSRAM1
    ethernet_api.o(i.ethernet_link) refers to ethernet_api.o(i.phy_read) for phy_read
    ethernet_api.o(i.ethernet_link) refers to ethernet_api.o(.data) for .data
    ethernet_api.o(i.ethernet_read) refers to rt_memcpy_v6.o(.text) for __aeabi_memcpy
    ethernet_api.o(i.ethernet_read) refers to ethernet_api.o(.data) for .data
    ethernet_api.o(i.ethernet_read) refers to ethernet_api.o(AHBSRAM1) for AHBSRAM1
    ethernet_api.o(i.ethernet_receive) refers to ethernet_api.o(.data) for .data
    ethernet_api.o(i.ethernet_receive) refers to ethernet_api.o(AHBSRAM1) for AHBSRAM1
    ethernet_api.o(i.ethernet_send) refers to ethernet_api.o(.data) for .data
    ethernet_api.o(i.ethernet_send) refers to ethernet_api.o(AHBSRAM1) for AHBSRAM1
    ethernet_api.o(i.ethernet_set_link) refers to ethernet_api.o(i.phy_read) for phy_read
    ethernet_api.o(i.ethernet_set_link) refers to ethernet_api.o(.data) for .data
    ethernet_api.o(i.ethernet_write) refers to rt_memcpy_v6.o(.text) for __aeabi_memcpy
[...]
    __rt_locale                              0x0000228d   Thumb Code    10  rt_locale_twolibspace.o(.text)
    __aeabi_errno_addr                       0x00002297   Thumb Code     4  rt_errno_addr_twolibspace.o(.text)
    __errno$twolibspace                      0x00002297   Thumb Code     0  rt_errno_addr_twolibspace.o(.text)
    __rt_errno_addr$twolibspace              0x00002297   Thumb Code     0  rt_errno_addr_twolibspace.o(.text)
    _printf_fp_infnan                        0x0000229d   Thumb Code   112  _printf_fp_infnan.o(.text)
    _btod_etento                             0x0000231d   Thumb Code   224  bigflt0.o(.text)
    __default_signal_display                 0x00002401   Thumb Code    50  defsig_general.o(.text)
    __rt_SIGRTRED_inner                      0x00002435   Thumb Code    14  defsig_rtred_inner.o(.text)
    __rt_SIGRTMEM_inner                      0x00002469   Thumb Code    22  defsig_rtmem_inner.o(.text)
    _ttywrch                                 0x000024b9   Thumb Code    14  sys_wrch.o(.text)
    __I$use$semihosting                      0x000024c7   Thumb Code     0  use_no_semi.o(.text)
    __use_no_semihosting_swi                 0x000024c7   Thumb Code     2  use_no_semi.o(.text)
    __semihosting_library_function           0x000024c9   Thumb Code     0  indicate_semi.o(.text)
    _btod_d2e                                0x000024c9   Thumb Code    62  btod.o(CL$$btod_d2e)
    _d2e_denorm_low                          0x00002507   Thumb Code    70  btod.o(CL$$btod_d2e_denorm_low)
    _d2e_norm_op1                            0x0000254d   Thumb Code    96  btod.o(CL$$btod_d2e_norm_op1)
    __btod_div_common                        0x000025ad   Thumb Code   696  btod.o(CL$$btod_div_common)
    _e2e                                     0x000028e5   Thumb Code   220  btod.o(CL$$btod_e2e)
    _btod_ediv                               0x000029c1   Thumb Code    42  btod.o(CL$$btod_ediv)
    _btod_emul                               0x000029eb   Thumb Code    42  btod.o(CL$$btod_emul)
    __btod_mult_common                       0x00002a15   Thumb Code   580  btod.o(CL$$btod_mult_common)
    SVC_Count                                0x00002c58   Data           4  svc_table.o(SVC_TABLE)
    SVC_Table                                0x00002c5c   Data           0  svc_table.o(SVC_TABLE)
    main                                     0x00002c5d   Thumb Code    14  retarget.o(i.$Sub$$main)
    SystemInit                               0x00002c6d   Thumb Code   150  system_LPC17xx.o(i.SystemInit)
    led2_thread()                            0x00002d0d   Thumb Code    36  main.o(i._Z11led2_threadv)
    mbed::DigitalOut::write(int)             0x00002d35   Thumb Code    50  main.o(i._ZN4mbed10DigitalOut5writeEi)
    mbed::DigitalOut::DigitalOut(PinName)    0x00002dbd   Thumb Code    26  main.o(i._ZN4mbed10DigitalOutC1E7PinName)
    mbed::DigitalOut::DigitalOut__sub_object(PinName) 0x00002dbd   Thumb Code     0  main.o(i._ZN4mbed10DigitalOutC1E7PinName)
    mbed::DigitalOut::operator =(int)        0x00002dd7   Thumb Code    18  main.o(i._ZN4mbed10DigitalOutaSEi)
    mbed::DigitalOut::operator int()         0x00002de9   Thumb Code    50  main.o(i._ZN4mbed10DigitalOutcviEv)
    mbed::FileBase::getPathType()            0x00002e71   Thumb Code     4  FileBase.o(i._ZN4mbed8FileBase11getPathTypeEv)
    mbed::FileBase::lookup(const char*, unsigned) 0x00002e75   Thumb Code    90  FileBase.o(i._ZN4mbed8FileBase6lookupEPKcj)
    mbed::FilePath::fileSystem()             0x00002ee1   Thumb Code    24  FilePath.o(i._ZN4mbed8FilePath10fileSystemEv)
    mbed::FilePath::file()                   0x00002ef9   Thumb Code    28  FilePath.o(i._ZN4mbed8FilePath4fileEv)
    mbed::FilePath::exists()                 0x00002f15   Thumb Code    10  FilePath.o(i._ZN4mbed8FilePath6existsEv)
    mbed::FilePath::isFile()                 0x00002f1f   Thumb Code    24  FilePath.o(i._ZN4mbed8FilePath6isFileEv)
    mbed::FilePath::fileName()               0x00002f37   Thumb Code     4  FilePath.o(i._ZN4mbed8FilePath8fileNameEv)
    mbed::FilePath::FilePath(const char*)    0x00002f3b   Thumb Code    64  FilePath.o(i._ZN4mbed8FilePathC1EPKc)
    mbed::FilePath::FilePath__sub_object(const char*) 0x00002f3b   Thumb Code     0  FilePath.o(i._ZN4mbed8FilePathC1EPKc)
    rtos::Mutex::lock(unsigned)              0x00002f7b   Thumb Code    16  mutex.o(i._ZN4rtos5Mutex4lockEj)
    rtos::Mutex::unlock()                    0x00002f8b   Thumb Code    12  mutex.o(i._ZN4rtos5Mutex6unlockEv)
    rtos::Mutex::Mutex()                     0x00002f99   Thumb Code    42  mutex.o(i._ZN4rtos5MutexC1Ev)
    rtos::Mutex::Mutex__sub_object()         0x00002f99   Thumb Code     0  mutex.o(i._ZN4rtos5MutexC1Ev)
    rtos::Mutex::~Mutex()                    0x00002fed   Thumb Code    14  mutex.o(i._ZN4rtos5MutexD1Ev)
    rtos::Mutex::~Mutex__sub_object()        0x00002fed   Thumb Code     0  mutex.o(i._ZN4rtos5MutexD1Ev)
    rtos::Thread::constructor(osPriority, unsigned, unsigned char*) 0x00002ffb   Thumb Code    26  thread.o(i._ZN4rtos6Thread11constructorE10osPriorityjPh)
    rtos::Thread::wait(unsigned)             0x00003015   Thumb Code    12  thread.o(i._ZN4rtos6Thread4waitEj)
    rtos::Thread::start(mbed::Callback<void()>) 0x00003021   Thumb Code   196  thread.o(i._ZN4rtos6Thread5startEN4mbed8CallbackIFvvEEE)
    rtos::Thread::_thunk(const void*)        0x0000312d   Thumb Code    76  thread.o(i._ZN4rtos6Thread6_thunkEPKv)
    rtos::Thread::terminate()                0x00003181   Thumb Code    50  thread.o(i._ZN4rtos6Thread9terminateEv)
    rtos::Thread::~Thread()                  0x000031b5   Thumb Code    66  thread.o(i._ZN4rtos6ThreadD1Ev)
    rtos::Thread::~Thread__sub_object()      0x000031b5   Thumb Code     0  thread.o(i._ZN4rtos6ThreadD1Ev)
    rtos::Semaphore::release()               0x000031fd   Thumb Code    12  semaphore.o(i._ZN4rtos9Semaphore7releaseEv)
    rtos::Semaphore::Semaphore(int)          0x00003209   Thumb Code    32  semaphore.o(i._ZN4rtos9SemaphoreC1Ei)
    rtos::Semaphore::Semaphore__sub_object(int) 0x00003209   Thumb Code     0  semaphore.o(i._ZN4rtos9SemaphoreC1Ei)
    rtos::Semaphore::~Semaphore()            0x00003229   Thumb Code    14  semaphore.o(i._ZN4rtos9SemaphoreD1Ev)
    rtos::Semaphore::~Semaphore__sub_object() 0x00003229   Thumb Code     0  semaphore.o(i._ZN4rtos9SemaphoreD1Ev)
    operator delete[] (void*)                0x00003237   Thumb Code    10  retarget.o(i._ZdaPv)
    operator new[] (unsigned)                0x00003241   Thumb Code    20  retarget.o(i._Znaj)
    __ARM_fpclassify                         0x00003275   Thumb Code    40  fpclassify.o(i.__ARM_fpclassify)
    __NVIC_SetVector                         0x0000329d   Thumb Code    46  cmsis_nvic.o(i.__NVIC_SetVector)
    __aeabi_atexit                           0x000032d1   Thumb Code     4  retarget.o(i.__aeabi_atexit)
    __user_perthread_libspace                0x00003379   Thumb Code    32  rtx_conf_cm.o(i.__user_perthread_libspace)
    __user_setup_stackheap                   0x000033a5   Thumb Code    10  sys.o(i.__user_setup_stackheap)
    _init_box                                0x000033b5   Thumb Code    88  rt_membox.o(i._init_box)
    _is_digit                                0x0000340d   Thumb Code    14  __printf_wp.o(i._is_digit)
    _mutex_acquire                           0x0000341d   Thumb Code    22  rtx_conf_cm.o(i._mutex_acquire)
    _mutex_initialize                        0x0000343d   Thumb Code    40  rtx_conf_cm.o(i._mutex_initialize)
    _mutex_release                           0x00003489   Thumb Code    18  rtx_conf_cm.o(i._mutex_release)
    _platform_post_stackheap_init            0x000034a5   Thumb Code     8  retarget.o(i._platform_post_stackheap_init)
    _sys_close                               0x000034ad   Thumb Code    40  retarget.o(i._sys_close)
    _sys_flen                                0x000034d9   Thumb Code    34  retarget.o(i._sys_flen)
    _sys_istty                               0x00003501   Thumb Code    34  retarget.o(i._sys_istty)
    _sys_open                                0x00003529   Thumb Code   440  retarget.o(i._sys_open)
    _sys_seek                                0x0000370d   Thumb Code    36  retarget.o(i._sys_seek)
    _sys_write                               0x00003735   Thumb Code    92  retarget.o(i._sys_write)
    core_util_critical_section_enter         0x000037a1   Thumb Code    70  mbed_critical.o(i.core_util_critical_section_enter)
    core_util_critical_section_exit          0x0000382d   Thumb Code    60  mbed_critical.o(i.core_util_critical_section_exit)
    error                                    0x00003887   Thumb Code    18  mbed_error.o(i.error)
    exit                                     0x00003899   Thumb Code    36  retarget.o(i.exit)
    gpio_dir                                 0x000038c5   Thumb Code    54  gpio_api.o(i.gpio_dir)
    gpio_init                                0x00003919   Thumb Code    58  gpio_api.o(i.gpio_init)
    gpio_init_in                             0x00003953   Thumb Code    40  mbed_gpio.o(i.gpio_init_in)
    gpio_init_out                            0x0000397d   Thumb Code    64  mbed_gpio.o(i.gpio_init_out)
    gpio_init_out_ex                         0x000039c5   Thumb Code    76  mbed_gpio.o(i.gpio_init_out_ex)
    gpio_mode                                0x00003a2d   Thumb Code     6  gpio_api.o(i.gpio_mode)
    isrMessageGet                            0x00003a33   Thumb Code    72  rt_cmsis.o(i.isrMessageGet)
    isrMessagePut                            0x00003a7b   Thumb Code    50  rt_cmsis.o(i.isrMessagePut)
    isrSemaphoreRelease                      0x00003aad   Thumb Code    52  rt_cmsis.o(i.isrSemaphoreRelease)
    isr_mbx_receive                          0x00003ae1   Thumb Code    94  rt_mailbox.o(i.isr_mbx_receive)
    isr_mbx_send                             0x00003b3f   Thumb Code    22  rt_mailbox.o(i.isr_mbx_send)
    isr_sem_send                             0x00003b55   Thumb Code    20  rt_semaphore.o(i.isr_sem_send)
    $Super$$main                             0x00003b69   Thumb Code    84  main.o(i.main)
    mbed_assert_internal                     0x00003bcd   Thumb Code    32  mbed_assert.o(i.mbed_assert_internal)
    mbed_die                                 0x00003c21   Thumb Code   244  mbed_board.o(i.mbed_die)
    mbed_error_printf                        0x00003d41   Thumb Code    74  mbed_board.o(i.mbed_error_printf)
    mbed_error_vfprintf                      0x00003d99   Thumb Code    68  mbed_board.o(i.mbed_error_vfprintf)
    mbed_interface_connected                 0x00003de9   Thumb Code     4  mbed_interface.o(i.mbed_interface_connected)
    mbed_main                                0x00003ded   Thumb Code     2  retarget.o(i.mbed_main)
    mbed_sdk_init                            0x00003def   Thumb Code     2  retarget.o(i.mbed_sdk_init)
    osDelay                                  0x00003df1   Thumb Code    34  rt_cmsis.o(i.osDelay)
    osKernelInitialize                       0x00003e19   Thumb Code    46  rt_cmsis.o(i.osKernelInitialize)
    osKernelRunning                          0x00003e4d   Thumb Code    42  rt_cmsis.o(i.osKernelRunning)
    osKernelStart                            0x00003e81   Thumb Code   232  rt_cmsis.o(i.osKernelStart)
    osMessageGet                             0x00003f75   Thumb Code    58  rt_cmsis.o(i.osMessageGet)
    osMutexCreate                            0x00003fb5   Thumb Code    58  rt_cmsis.o(i.osMutexCreate)
    osMutexDelete                            0x00003ff9   Thumb Code    34  rt_cmsis.o(i.osMutexDelete)
    osMutexRelease                           0x00004021   Thumb Code    34  rt_cmsis.o(i.osMutexRelease)
    osMutexWait                              0x00004049   Thumb Code    38  rt_cmsis.o(i.osMutexWait)
    osSemaphoreCreate                        0x00004075   Thumb Code    64  rt_cmsis.o(i.osSemaphoreCreate)
    osSemaphoreDelete                        0x000040bd   Thumb Code    34  rt_cmsis.o(i.osSemaphoreDelete)
    osSemaphoreRelease                       0x000040e5   Thumb Code    38  rt_cmsis.o(i.osSemaphoreRelease)
    osThreadContextCreate                    0x00004111   Thumb Code    96  rt_cmsis.o(i.osThreadContextCreate)
    osThreadCreate                           0x0000417d   Thumb Code    18  rt_cmsis.o(i.osThreadCreate)
    osThreadExit                             0x00004191   Thumb Code    42  rt_cmsis.o(i.osThreadExit)
    osThreadTerminate                        0x000041c9   Thumb Code    64  rt_cmsis.o(i.osThreadTerminate)
    osTimerCall                              0x00004211   Thumb Code    26  rt_cmsis.o(i.osTimerCall)
    osTimerThread                            0x00004231   Thumb Code    50  rt_cmsis.o(i.osTimerThread)
    os_error                                 0x00004269   Thumb Code    22  rtx_conf_cm.o(i.os_error)
    os_idle_demon                            0x000042ad   Thumb Code     8  rtx_conf_cm.o(i.os_idle_demon)
    os_tick_init                             0x000042b5   Thumb Code    38  rt_system.o(i.os_tick_init)
    os_tick_irqack                           0x000042e5   Thumb Code     2  rt_system.o(i.os_tick_irqack)
    pin_function                             0x000042e9   Thumb Code    68  pinmap.o(i.pin_function)
    pin_mode                                 0x00004345   Thumb Code   120  pinmap.o(i.pin_mode)
    pinmap_find_peripheral                   0x000043d5   Thumb Code    34  mbed_pinmap_common.o(i.pinmap_find_peripheral)
    pinmap_merge                             0x000043f9   Thumb Code    38  mbed_pinmap_common.o(i.pinmap_merge)
    pinmap_peripheral                        0x00004435   Thumb Code    58  mbed_pinmap_common.o(i.pinmap_peripheral)
    pinmap_pinout                            0x00004491   Thumb Code    66  mbed_pinmap_common.o(i.pinmap_pinout)
    pre_main                                 0x000044e9   Thumb Code    28  rtx_conf_cm.o(i.pre_main)
    rt_alloc_box                             0x0000450d   Thumb Code    30  rt_membox.o(i.rt_alloc_box)
    rt_block                                 0x0000452d   Thumb Code    48  rt_task.o(i.rt_block)
    rt_chk_robin                             0x00004565   Thumb Code    76  rt_robin.o(i.rt_chk_robin)
    rt_dec_dly                               0x000045bd   Thumb Code   130  rt_list.o(i.rt_dec_dly)
    rt_dispatch                              0x0000464d   Thumb Code    72  rt_task.o(i.rt_dispatch)
    rt_dly_wait                              0x0000469d   Thumb Code    14  rt_time.o(i.rt_dly_wait)
    rt_evt_psh                               0x000046ad   Thumb Code    88  rt_event.o(i.rt_evt_psh)
    rt_free_box                              0x00004709   Thumb Code    62  rt_membox.o(i.rt_free_box)
    rt_get_first                             0x00004771   Thumb Code    50  rt_list.o(i.rt_get_first)
    rt_init_robin                            0x000047fd   Thumb Code    14  rt_robin.o(i.rt_init_robin)
    rt_init_stack                            0x00004815   Thumb Code   140  hal_cm.o(i.rt_init_stack)
    rt_mbx_check                             0x000048a9   Thumb Code    12  rt_mailbox.o(i.rt_mbx_check)
    rt_mbx_init                              0x000048b5   Thumb Code    34  rt_mailbox.o(i.rt_mbx_init)
    rt_mbx_psh                               0x000048d9   Thumb Code   284  rt_mailbox.o(i.rt_mbx_psh)
    rt_mbx_wait                              0x000049f9   Thumb Code   210  rt_mailbox.o(i.rt_mbx_wait)
    rt_mut_delete                            0x00004b1d   Thumb Code   198  rt_mutex.o(i.rt_mut_delete)
    rt_mut_init                              0x00004bed   Thumb Code    18  rt_mutex.o(i.rt_mut_init)
    rt_mut_release                           0x00004c01   Thumb Code   276  rt_mutex.o(i.rt_mut_release)
    rt_mut_wait                              0x00004d1d   Thumb Code   140  rt_mutex.o(i.rt_mut_wait)
    rt_pop_req                               0x00004dad   Thumb Code   154  rt_system.o(i.rt_pop_req)
    rt_psh_req                               0x00004e55   Thumb Code    24  rt_system.o(i.rt_psh_req)
    rt_psq_enq                               0x00004e79   Thumb Code   120  rt_list.o(i.rt_psq_enq)
    rt_put_dly                               0x00004ef5   Thumb Code    88  rt_list.o(i.rt_put_dly)
    rt_put_prio                              0x00004f51   Thumb Code    64  rt_list.o(i.rt_put_prio)
    rt_put_rdy_first                         0x00004f91   Thumb Code    16  rt_list.o(i.rt_put_rdy_first)
    rt_resort_prio                           0x00004fa5   Thumb Code    48  rt_list.o(i.rt_resort_prio)
    rt_ret_val                               0x00004fd9   Thumb Code    12  hal_cm.o(i.rt_ret_val)
    rt_ret_val2                              0x00004fe5   Thumb Code    16  hal_cm.o(i.rt_ret_val2)
    rt_rmv_dly                               0x00004ff5   Thumb Code    40  rt_list.o(i.rt_rmv_dly)
    rt_rmv_list                              0x0000501d   Thumb Code    48  rt_list.o(i.rt_rmv_list)
    rt_sem_delete                            0x00005051   Thumb Code   100  rt_semaphore.o(i.rt_sem_delete)
    rt_sem_init                              0x000050bd   Thumb Code    16  rt_semaphore.o(i.rt_sem_init)
    rt_sem_psh                               0x000050cd   Thumb Code    52  rt_semaphore.o(i.rt_sem_psh)
    rt_sem_send                              0x00005105   Thumb Code    50  rt_semaphore.o(i.rt_sem_send)
    rt_stk_check                             0x00005139   Thumb Code    50  rt_system.o(i.rt_stk_check)
    rt_switch_req                            0x00005175   Thumb Code    38  rt_task.o(i.rt_switch_req)
    rt_sys_init                              0x000051a5   Thumb Code   152  rt_task.o(i.rt_sys_init)
    rt_sys_start                             0x0000527d   Thumb Code   138  rt_task.o(i.rt_sys_start)
    rt_systick                               0x00005311   Thumb Code    56  rt_system.o(i.rt_systick)
    rt_tid2ptcb                              0x00005355   Thumb Code    32  rt_cmsis.o(i.rt_tid2ptcb)
    rt_tsk_create                            0x000053b5   Thumb Code    88  rt_task.o(i.rt_tsk_create)
    rt_tsk_delete                            0x00005415   Thumb Code   380  rt_task.o(i.rt_tsk_delete)
    rt_tsk_prio                              0x000055a9   Thumb Code   138  rt_task.o(i.rt_tsk_prio)
    rt_tsk_self                              0x00005645   Thumb Code    18  rt_task.o(i.rt_tsk_self)
    rtos_idle_loop                           0x0000565d   Thumb Code    10  rtos_idle.o(i.rtos_idle_loop)
    semihost_connected                       0x0000566d   Thumb Code    10  mbed_semihost_api.o(i.semihost_connected)
    semihost_exit                            0x0000567d   Thumb Code    12  mbed_semihost_api.o(i.semihost_exit)
    serial_baud                              0x00005689   Thumb Code   408  serial_api.o(i.serial_baud)
    serial_init                              0x0000584d   Thumb Code   344  serial_api.o(i.serial_init)
    serial_putc                              0x00005a99   Thumb Code   100  serial_api.o(i.serial_putc)
    serial_set_flow_control                  0x00005b01   Thumb Code   252  serial_api.o(i.serial_set_flow_control)
    set_main_stack                           0x00005c0d   Thumb Code    14  rtx_conf_cm.o(i.set_main_stack)
    svcDelay                                 0x00005c29   Thumb Code    26  rt_cmsis.o(i.svcDelay)
    svcKernelInitialize                      0x00005c45   Thumb Code    82  rt_cmsis.o(i.svcKernelInitialize)
    svcKernelRunning                         0x00005cbd   Thumb Code     6  rt_cmsis.o(i.svcKernelRunning)
    svcKernelStart                           0x00005cc9   Thumb Code    86  rt_cmsis.o(i.svcKernelStart)
    svcMessageCreate                         0x00005d29   Thumb Code    60  rt_cmsis.o(i.svcMessageCreate)
    svcMessageGet                            0x00005d65   Thumb Code    86  rt_cmsis.o(i.svcMessageGet)
    svcMutexCreate                           0x00005dbb   Thumb Code    54  rt_cmsis.o(i.svcMutexCreate)
    svcMutexDelete                           0x00005df1   Thumb Code    38  rt_cmsis.o(i.svcMutexDelete)
    svcMutexRelease                          0x00005e17   Thumb Code    48  rt_cmsis.o(i.svcMutexRelease)
    svcMutexWait                             0x00005e47   Thumb Code    70  rt_cmsis.o(i.svcMutexWait)
    svcSemaphoreCreate                       0x00005e8d   Thumb Code    74  rt_cmsis.o(i.svcSemaphoreCreate)
    svcSemaphoreDelete                       0x00005ed7   Thumb Code    38  rt_cmsis.o(i.svcSemaphoreDelete)
    svcSemaphoreRelease                      0x00005efd   Thumb Code    52  rt_cmsis.o(i.svcSemaphoreRelease)
    svcThreadCreate                          0x00005f31   Thumb Code   146  rt_cmsis.o(i.svcThreadCreate)
    svcThreadGetId                           0x00005fd1   Thumb Code    24  rt_cmsis.o(i.svcThreadGetId)
    svcThreadTerminate                       0x00005fed   Thumb Code    62  rt_cmsis.o(i.svcThreadTerminate)
    svcTimerCall                             0x00006031   Thumb Code    42  rt_cmsis.o(i.svcTimerCall)
    sysThreadTerminate                       0x0000605d   Thumb Code    12  rtx_conf_cm.o(i.sysThreadTerminate)
    sysTimerTick                             0x00006069   Thumb Code    80  rt_cmsis.o(i.sysTimerTick)
    thread_terminate_hook                    0x000060c1   Thumb Code    20  thread.o(i.thread_terminate_hook)
    ticker_irq_handler                       0x000060d9   Thumb Code    78  mbed_ticker_api.o(i.ticker_irq_handler)
    uart0_irq                                0x00006129   Thumb Code    14  serial_api.o(i.uart0_irq)
    uart1_irq                                0x0000613d   Thumb Code    14  serial_api.o(i.uart1_irq)
    uart2_irq                                0x00006151   Thumb Code    14  serial_api.o(i.uart2_irq)
    uart3_irq                                0x00006165   Thumb Code    14  serial_api.o(i.uart3_irq)
    us_ticker_clear_interrupt                0x000061e1   Thumb Code     8  us_ticker.o(i.us_ticker_clear_interrupt)
    us_ticker_disable_interrupt              0x000061ed   Thumb Code    12  us_ticker.o(i.us_ticker_disable_interrupt)
    us_ticker_init                           0x000061fd   Thumb Code    76  us_ticker.o(i.us_ticker_init)
    us_ticker_irq_handler                    0x00006261   Thumb Code     6  mbed_us_ticker_api.o(i.us_ticker_irq_handler)
    us_ticker_read                           0x0000626d   Thumb Code    74  us_ticker.o(i.us_ticker_read)
    us_ticker_set_interrupt                  0x000062d1   Thumb Code    14  us_ticker.o(i.us_ticker_set_interrupt)
    wait_ms                                  0x000062e5   Thumb Code    28  mbed_wait_api_no_rtos.o(i.wait_ms)
    _get_lc_numeric                          0x00006301   Thumb Code    44  lc_numeric_c.o(locale$$code)
    _get_lc_ctype                            0x0000632d   Thumb Code    44  lc_ctype_c.o(locale$$code)
    SingletonPtr<PlatformMutex>::operator ->() 0x00006359   Thumb Code    36  FileBase.o(t._ZN12SingletonPtrI13PlatformMutexEptEv)
    void mbed::Callback<void()>::function_call<void(*)()>(const void*) 0x00006385   Thumb Code    10  main.o(t._ZN4mbed8CallbackIFvvEE13function_callIPS1_EEvPKv)
    void mbed::Callback<void()>::function_dtor<void(*)()>(void*) 0x0000638f   Thumb Code     2  main.o(t._ZN4mbed8CallbackIFvvEE13function_dtorIPS1_EEvPv)
    void mbed::Callback<void()>::function_move<void(*)()>(void*, const void*) 0x00006391   Thumb Code    14  main.o(t._ZN4mbed8CallbackIFvvEE13function_moveIPS1_EEvPvPKv)
    mbed::Callback<void()>::Callback(void(*)()) 0x000063a1   Thumb Code    42  main.o(t._ZN4mbed8CallbackIFvvEEC1EPS1_)
    mbed::Callback<void()>::Callback__sub_object(void(*)()) 0x000063a1   Thumb Code     0  main.o(t._ZN4mbed8CallbackIFvvEEC1EPS1_)
    mbed::Callback<void()>::Callback(const mbed::Callback<void()>&) 0x000063d1   Thumb Code    28  thread.o(t._ZN4mbed8CallbackIFvvEEC1ERKS2_)
    mbed::Callback<void()>::Callback__sub_object(const mbed::Callback<void()>&) 0x000063d1   Thumb Code     0  thread.o(t._ZN4mbed8CallbackIFvvEEC1ERKS2_)
    mbed::Callback<void()>::~Callback()      0x000063ed   Thumb Code    20  rtostimer.o(t._ZN4mbed8CallbackIFvvEED1Ev)
    mbed::Callback<void()>::~Callback__sub_object() 0x000063ed   Thumb Code     0  rtostimer.o(t._ZN4mbed8CallbackIFvvEED1Ev)
    _printf_fp_dec                           0x00006401   Thumb Code     4  printf1.o(x$fpl$printf1)
    _printf_fp_hex                           0x00006405   Thumb Code     4  printf2.o(x$fpl$printf2)
    __I$use$fp                               0x00006408   Number         0  usenofp.o(x$fpl$usenofp)
    __stdin_name                             0x00006408   Data           7  retarget.o(.constdata)
    __stdout_name                            0x0000640f   Data           8  retarget.o(.constdata)
    __stderr_name                            0x00006417   Data           8  retarget.o(.constdata)
    os_mutex_def_osThreadMutex               0x00006540   Data           4  rt_cmsis.o(.constdata)
    os_maxtaskrun                            0x00006544   Data           2  rtx_conf_cm.o(.constdata)
    os_stackinfo                             0x00006548   Data           4  rtx_conf_cm.o(.constdata)
    os_rrobin                                0x0000654c   Data           4  rtx_conf_cm.o(.constdata)
    os_tickfreq                              0x00006550   Data           4  rtx_conf_cm.o(.constdata)
    os_tickus_i                              0x00006554   Data           2  rtx_conf_cm.o(.constdata)
    os_tickus_f                              0x00006556   Data           2  rtx_conf_cm.o(.constdata)
    os_trv                                   0x00006558   Data           4  rtx_conf_cm.o(.constdata)
    os_flags                                 0x0000655c   Data           1  rtx_conf_cm.o(.constdata)
    CMSIS_RTOS_API_Version                   0x00006560   Data           4  rtx_conf_cm.o(.constdata)
    CMSIS_RTOS_RTX_Version                   0x00006564   Data           4  rtx_conf_cm.o(.constdata)
    os_clockrate                             0x00006568   Data           4  rtx_conf_cm.o(.constdata)
    os_timernum                              0x0000656c   Data           4  rtx_conf_cm.o(.constdata)
    mp_tcb_size                              0x00006570   Data           2  rtx_conf_cm.o(.constdata)
    mp_stk_size                              0x00006574   Data           4  rtx_conf_cm.o(.constdata)
    os_fifo_size                             0x00006578   Data           1  rtx_conf_cm.o(.constdata)
    os_thread_def_osTimerThread              0x0000657c   Data          20  rtx_conf_cm.o(.constdata)
    os_messageQ_def_osTimerMessageQ          0x00006590   Data           8  rtx_conf_cm.o(.constdata)
    mp_tmr_size                              0x00006598   Data           2  rtx_conf_cm.o(.constdata)
    os_mutex_def_singleton_mutex             0x0000659c   Data           4  rtx_conf_cm.o(.constdata)
    vtable for rtos::Thread                  0x000066b8   Data          16  thread.o(.constdata__ZTVN4rtos6ThreadE)
    SingletonPtr<PlatformMutex>::get()::string 0x000066c8   Data          20  retarget.o(.constdata__ZZN12SingletonPtrI13PlatformMutexE3getEvEs)
    SingletonPtr<PlatformMutex>::get()::string (instance 2) 0x000066dc   Data          78  retarget.o(.constdata__ZZN12SingletonPtrI13PlatformMutexE3getEvEs_0)
    void mbed::Callback<void()>::generate<void(*)()>(const T1&)::ops 0x0000672c   Data          12  main.o(.constdata__ZZN4mbed8CallbackIFvvEE8generateIPS1_EEvRKT_E3ops)
    mbed::Callback<void()>::call() const::string 0x00006738   Data           5  rtostimer.o(.constdata__ZZNK4mbed8CallbackIFvvEE4callEvEs)
    mbed::Callback<void()>::call() const::string (instance 2) 0x0000673d   Data          27  rtostimer.o(.constdata__ZZNK4mbed8CallbackIFvvEE4callEvEs_0)
    Region$$Table$$Base                      0x00006918   Number         0  anon$$obj.o(Region$$Table)
    Region$$Table$$Limit                     0x00006938   Number         0  anon$$obj.o(Region$$Table)
    __ctype                                  0x00006961   Data           0  lc_ctype_c.o(locale$$data)
    SHT$$INIT_ARRAY$$Base                    0x00006a64   Number         0  main.o(.init_array)
    SHT$$INIT_ARRAY$$Limit                   0x00006a68   Number         0  init_aeabi.o(.init_array)
    stdio_uart_inited                        0x100000d0   Data           4  serial_api.o(.data)
    stdio_uart                               0x100000d8   Data           8  serial_api.o(.data)
    SystemCoreClock                          0x100000e0   Data           4  system_LPC17xx.o(.data)
    us_ticker_inited                         0x100000e4   Data           4  us_ticker.o(.data)
    osMutexId_osThreadMutex                  0x100000e8   Data           4  rt_cmsis.o(.data)
    os_initialized                           0x100000ec   Data           1  rt_cmsis.o(.data)
    os_running                               0x100000ed   Data           1  rt_cmsis.o(.data)
    os_timer_head                            0x100000f0   Data           4  rt_cmsis.o(.data)
    osEventObs                               0x100000f8   Data           4  rt_oseventobserver.o(.data)
    os_robin                                 0x10000100   Data           8  rt_robin.o(.data)
    os_tick_irqn                             0x10000108   Data           4  rt_system.o(.data)
    os_tsk                                   0x10000110   Data           8  rt_task.o(.data)
    os_time                                  0x10000118   Data           4  rt_time.o(.data)
    osThreadId_osTimerThread                 0x10000120   Data           4  rtx_conf_cm.o(.data)
    osMessageQId_osTimerMessageQ             0x10000124   Data           4  rtx_conf_cm.o(.data)
    os_tmr                                   0x10000128   Data           4  rtx_conf_cm.o(.data)
    m_tmr                                    0x1000012c   Data           4  rtx_conf_cm.o(.data)
    singleton_mutex_id                       0x10000130   Data           4  rtx_conf_cm.o(.data)
    os_thread_def_main                       0x10000138   Data          20  rtx_conf_cm.o(.data)
    armcc_heap_base                          0x1000014c   Data           4  rtx_conf_cm.o(.data)
    armcc_heap_top                           0x10000150   Data           4  rtx_conf_cm.o(.data)
    mbed::FileBase::_head                    0x10000168   Data           4  FileBase.o(.data)
    mbed::FileBase::_mutex                   0x1000016c   Data           8  FileBase.o(.data)
    __aeabi_stdin                            0x10000174   Data           4  stdio_streams.o(.data)
    __aeabi_stdout                           0x10000178   Data           4  stdio_streams.o(.data)
    __aeabi_stderr                           0x1000017c   Data           4  stdio_streams.o(.data)
    _stream_list_lock                        0x10000180   Data           4  streamlock.o(.data)
    os_mutex_cb_osThreadMutex                0x100002a4   Data          16  rt_cmsis.o(.bss)
    os_rdy                                   0x100002b4   Data          24  rt_list.o(.bss)
    os_dly                                   0x100002cc   Data          24  rt_list.o(.bss)
    os_idle_TCB                              0x100002e4   Data          64  rt_task.o(.bss)
    mp_tcb                                   0x10000328   Data         972  rtx_conf_cm.o(.bss)
    mp_stk                                   0x100006f8   Data         528  rtx_conf_cm.o(.bss)
    os_fifo                                  0x10000908   Data         132  rtx_conf_cm.o(.bss)
    os_active_TCB                            0x1000098c   Data          60  rtx_conf_cm.o(.bss)
    os_thread_def_stack_osTimerThread        0x100009c8   Data         800  rtx_conf_cm.o(.bss)
    os_messageQ_q_osTimerMessageQ            0x10000ce8   Data          32  rtx_conf_cm.o(.bss)
    os_mutex_cb_singleton_mutex              0x10000d08   Data          16  rtx_conf_cm.o(.bss)
    led1                                     0x10001378   Data          24  main.o(.bss)
    led2                                     0x10001390   Data          24  main.o(.bss)
    led3                                     0x100013a8   Data          24  main.o(.bss)
    thread                                   0x100013c0   Data          88  main.o(.bss)
    __libspace_start                         0x10001418   Data          96  libspace.o(.bss)
    __stdin                                  0x10001478   Data          84  stdio_streams.o(.bss)
    __temporary_stack_top$libspace           0x10001478   Data           0  libspace.o(.bss)
    __stdout                                 0x100014cc   Data          84  stdio_streams.o(.bss)
    __stderr                                 0x10001520   Data          84  stdio_streams.o(.bss)
    Image$$RW_IRAM1$$ZI$$Limit               0x10001574   Number         0  anon$$obj.o ABSOLUTE



==============================================================================

Memory Map of the image

  Image Entry point : 0x000000c5

  Load Region LR_IROM1 (Base: 0x00000000, Size: 0x00006b24, Max: 0x00080000, ABSOLUTE)

    Execution Region ER_IROM1 (Exec base: 0x00000000, Load base: 0x00000000, Size: 0x00006a68, Max: 0x00080000, ABSOLUTE)

    Exec Addr    Load Addr    Size         Type   Attr      Idx    E Section Name        Object

    0x00000000   0x00000000   0x000000c4   Data   RO          517    RESET               startup_LPC17xx.o
    0x000000c4   0x000000c4   0x00000008   Code   RO         3392  * !!!main             c_w.l(__main.o)
    0x000000cc   0x000000cc   0x00000034   Code   RO         4008    !!!scatter          c_w.l(__scatter.o)
    0x00000100   0x00000100   0x0000001a   Code   RO         4010    !!handler_copy      c_w.l(__scatter_copy.o)
    0x0000011a   0x0000011a   0x00000002   PAD
    0x0000011c   0x0000011c   0x0000001c   Code   RO         4012    !!handler_zi        c_w.l(__scatter_zi.o)
    0x00000138   0x00000138   0x00000000   Code   RO         3657    .ARM.Collect$$_printf_percent$$00000000  c_w.l(_printf_percent.o)
    0x00000138   0x00000138   0x00000006   Code   RO         3646    .ARM.Collect$$_printf_percent$$00000001  c_w.l(_printf_n.o)
    0x0000013e   0x0000013e   0x00000006   Code   RO         3648    .ARM.Collect$$_printf_percent$$00000002  c_w.l(_printf_p.o)
    0x00000144   0x00000144   0x00000006   Code   RO         3653    .ARM.Collect$$_printf_percent$$00000003  c_w.l(_printf_f.o)
    0x0000014a   0x0000014a   0x00000006   Code   RO         3654    .ARM.Collect$$_printf_percent$$00000004  c_w.l(_printf_e.o)
    0x00000150   0x00000150   0x00000006   Code   RO         3655    .ARM.Collect$$_printf_percent$$00000005  c_w.l(_printf_g.o)
    0x00000156   0x00000156   0x00000006   Code   RO         3656    .ARM.Collect$$_printf_percent$$00000006  c_w.l(_printf_a.o)
    0x0000015c   0x0000015c   0x0000000a   Code   RO         3661    .ARM.Collect$$_printf_percent$$00000007  c_w.l(_printf_ll.o)
    0x00000166   0x00000166   0x00000006   Code   RO         3650    .ARM.Collect$$_printf_percent$$00000008  c_w.l(_printf_i.o)
    0x0000016c   0x0000016c   0x00000006   Code   RO         3651    .ARM.Collect$$_printf_percent$$00000009  c_w.l(_printf_d.o)
    0x00000172   0x00000172   0x00000006   Code   RO         3652    .ARM.Collect$$_printf_percent$$0000000A  c_w.l(_printf_u.o)
    0x00000178   0x00000178   0x00000006   Code   RO         3649    .ARM.Collect$$_printf_percent$$0000000B  c_w.l(_printf_o.o)
    0x0000017e   0x0000017e   0x00000006   Code   RO         3647    .ARM.Collect$$_printf_percent$$0000000C  c_w.l(_printf_x.o)
    0x00000184   0x00000184   0x00000006   Code   RO         3658    .ARM.Collect$$_printf_percent$$0000000D  c_w.l(_printf_lli.o)
    0x0000018a   0x0000018a   0x00000006   Code   RO         3659    .ARM.Collect$$_printf_percent$$0000000E  c_w.l(_printf_lld.o)
    0x00000190   0x00000190   0x00000006   Code   RO         3660    .ARM.Collect$$_printf_percent$$0000000F  c_w.l(_printf_llu.o)
    0x00000196   0x00000196   0x00000006   Code   RO         3665    .ARM.Collect$$_printf_percent$$00000010  c_w.l(_printf_llo.o)
    0x0000019c   0x0000019c   0x00000006   Code   RO         3666    .ARM.Collect$$_printf_percent$$00000011  c_w.l(_printf_llx.o)
    0x000001a2   0x000001a2   0x0000000a   Code   RO         3662    .ARM.Collect$$_printf_percent$$00000012  c_w.l(_printf_l.o)
    0x000001ac   0x000001ac   0x00000006   Code   RO         3644    .ARM.Collect$$_printf_percent$$00000013  c_w.l(_printf_c.o)
    0x000001b2   0x000001b2   0x00000006   Code   RO         3645    .ARM.Collect$$_printf_percent$$00000014  c_w.l(_printf_s.o)
    0x000001b8   0x000001b8   0x00000006   Code   RO         3663    .ARM.Collect$$_printf_percent$$00000015  c_w.l(_printf_lc.o)
    0x000001be   0x000001be   0x00000006   Code   RO         3664    .ARM.Collect$$_printf_percent$$00000016  c_w.l(_printf_ls.o)
    0x000001c4   0x000001c4   0x00000004   Code   RO         3815    .ARM.Collect$$_printf_percent$$00000017  c_w.l(_printf_percent_end.o)
    0x000001c8   0x000001c8   0x00000002   Code   RO         3391    .ARM.Collect$$libinit$$00000000  c_w.l(libinit.o)
    0x000001ca   0x000001ca   0x00000000   Code   RO         3702    .ARM.Collect$$libinit$$00000002  c_w.l(libinit2.o)
    0x000001ca   0x000001ca   0x00000000   Code   RO         3704    .ARM.Collect$$libinit$$00000004  c_w.l(libinit2.o)
    0x000001ca   0x000001ca   0x00000008   Code   RO         3705    .ARM.Collect$$libinit$$00000005  c_w.l(libinit2.o)
    0x000001d2   0x000001d2   0x00000000   Code   RO         3707    .ARM.Collect$$libinit$$0000000A  c_w.l(libinit2.o)
    0x000001d2   0x000001d2   0x00000000   Code   RO         3709    .ARM.Collect$$libinit$$0000000C  c_w.l(libinit2.o)
    0x000001d2   0x000001d2   0x00000000   Code   RO         3711    .ARM.Collect$$libinit$$0000000E  c_w.l(libinit2.o)
    0x000001d2   0x000001d2   0x00000006   Code   RO         3712    .ARM.Collect$$libinit$$0000000F  c_w.l(libinit2.o)
    0x000001d8   0x000001d8   0x00000000   Code   RO         3714    .ARM.Collect$$libinit$$00000011  c_w.l(libinit2.o)
    0x000001d8   0x000001d8   0x0000000c   Code   RO         3715    .ARM.Collect$$libinit$$00000012  c_w.l(libinit2.o)
    0x000001e4   0x000001e4   0x00000000   Code   RO         3716    .ARM.Collect$$libinit$$00000013  c_w.l(libinit2.o)
    0x000001e4   0x000001e4   0x00000000   Code   RO         3718    .ARM.Collect$$libinit$$00000015  c_w.l(libinit2.o)
    0x000001e4   0x000001e4   0x0000000a   Code   RO         3719    .ARM.Collect$$libinit$$00000016  c_w.l(libinit2.o)
    0x000001ee   0x000001ee   0x00000000   Code   RO         3720    .ARM.Collect$$libinit$$00000017  c_w.l(libinit2.o)
    0x000001ee   0x000001ee   0x00000000   Code   RO         3722    .ARM.Collect$$libinit$$00000019  c_w.l(libinit2.o)
    0x000001ee   0x000001ee   0x00000000   Code   RO         3724    .ARM.Collect$$libinit$$0000001B  c_w.l(libinit2.o)
    0x000001ee   0x000001ee   0x00000000   Code   RO         3726    .ARM.Collect$$libinit$$0000001D  c_w.l(libinit2.o)
    0x000001ee   0x000001ee   0x00000000   Code   RO         3728    .ARM.Collect$$libinit$$0000001F  c_w.l(libinit2.o)
    0x000001ee   0x000001ee   0x00000000   Code   RO         3730    .ARM.Collect$$libinit$$00000021  c_w.l(libinit2.o)
    0x000001ee   0x000001ee   0x00000000   Code   RO         3732    .ARM.Collect$$libinit$$00000023  c_w.l(libinit2.o)
    0x000001ee   0x000001ee   0x00000004   Code   RO         3733    .ARM.Collect$$libinit$$00000024  c_w.l(libinit2.o)
    0x000001f2   0x000001f2   0x00000000   Code   RO         3734    .ARM.Collect$$libinit$$00000025  c_w.l(libinit2.o)
    0x000001f2   0x000001f2   0x00000000   Code   RO         3738    .ARM.Collect$$libinit$$0000002C  c_w.l(libinit2.o)
    0x000001f2   0x000001f2   0x00000000   Code   RO         3740    .ARM.Collect$$libinit$$0000002E  c_w.l(libinit2.o)
    0x000001f2   0x000001f2   0x00000000   Code   RO         3742    .ARM.Collect$$libinit$$00000030  c_w.l(libinit2.o)
    0x000001f2   0x000001f2   0x00000004   Code   RO         3743    .ARM.Collect$$libinit$$00000031  c_w.l(libinit2.o)
    0x000001f6   0x000001f6   0x00000000   Code   RO         3744    .ARM.Collect$$libinit$$00000032  c_w.l(libinit2.o)
    0x000001f6   0x000001f6   0x00000002   Code   RO         3745    .ARM.Collect$$libinit$$00000033  c_w.l(libinit2.o)
    0x000001f8   0x000001f8   0x00000000   Code   RO         3862    .ARM.Collect$$libshutdown$$00000004  c_w.l(libshutdown2.o)
    0x000001f8   0x000001f8   0x00000034   Code   RO         2303    .emb_text           rtx_conf_cm.o
    0x0000022c   0x0000022c   0x00000000   Code   RO         3792    .emb_text           c_w.l(maybetermalloc1.o)
    0x0000022c   0x0000022c   0x00000024   Code   RO          519    .text               startup_LPC17xx.o
    0x00000250   0x00000250   0x00000008   Code   RO         3275    .text               c_w.l(libspace.o)
    0x00000258   0x00000258   0x0000009e   Code   RO         3286    .text               c_w.l(h1_alloc_mt.o)
    0x000002f6   0x000002f6   0x00000006   Code   RO         3389    .text               c_w.l(heapauxi.o)
    0x000002fc   0x000002fc   0x00000004   Code   RO          518    .ARM.__at_0x02FC    startup_LPC17xx.o
    0x00000300   0x00000300   0x00000130   Code   RO          601    .emb_text           hal_cm3.o
    0x00000430   0x00000430   0x00000076   Code   RO         3288    .text               c_w.l(h1_free_mt.o)
    0x000004a6   0x000004a6   0x00000002   PAD
    0x000004a8   0x000004a8   0x00000024   Code   RO         3342    .text               c_w.l(vsprintf.o)
    0x000004cc   0x000004cc   0x0000003c   Code   RO         3344    .text               c_w.l(__0sscanf.o)
    0x00000508   0x00000508   0x0000014c   Code   RO         3346    .text               c_w.l(_scanf_int.o)
    0x00000654   0x00000654   0x00000090   Code   RO         3366    .text               c_w.l(fflush_locked.o)
    0x000006e4   0x000006e4   0x0000003e   Code   RO         3368    .text               c_w.l(strlen.o)
    0x00000722   0x00000722   0x00000096   Code   RO         3370    .text               c_w.l(strncmp.o)
    0x000007b8   0x000007b8   0x00000064   Code   RO         3374    .text               c_w.l(rt_memcpy_w.o)
    0x0000081c   0x0000081c   0x0000004e   Code   RO         3378    .text               c_w.l(rt_memclr_w.o)
    0x0000086a   0x0000086a   0x00000002   PAD
    0x0000086c   0x0000086c   0x00000080   Code   RO         3382    .text               c_w.l(strcmpv7m.o)
    0x000008ec   0x000008ec   0x00000024   Code   RO         3397    .text               c_w.l(init_aeabi.o)
    0x00000910   0x00000910   0x0000000a   Code   RO         3554    .text               c_w.l(rt_heap_descriptor_twolibspace.o)
    0x0000091a   0x0000091a   0x00000004   Code   RO         3556    .text               c_w.l(hguard.o)
    0x0000091e   0x0000091e   0x0000008a   Code   RO         3558    .text               c_w.l(init_alloc.o)
    0x000009a8   0x000009a8   0x00000012   Code   RO         3564    .text               c_w.l(h1_init_mt.o)
    0x000009ba   0x000009ba   0x0000004e   Code   RO         3578    .text               c_w.l(_printf_pad.o)
    0x00000a08   0x00000a08   0x00000024   Code   RO         3580    .text               c_w.l(_printf_truncate.o)
    0x00000a2c   0x00000a2c   0x00000052   Code   RO         3582    .text               c_w.l(_printf_str.o)
    0x00000a7e   0x00000a7e   0x00000002   PAD
    0x00000a80   0x00000a80   0x00000078   Code   RO         3584    .text               c_w.l(_printf_dec.o)
    0x00000af8   0x00000af8   0x00000028   Code   RO         3586    .text               c_w.l(_printf_charcount.o)
    0x00000b20   0x00000b20   0x00000030   Code   RO         3588    .text               c_w.l(_printf_char_common.o)
    0x00000b50   0x00000b50   0x0000000a   Code   RO         3590    .text               c_w.l(_sputc.o)
    0x00000b5a   0x00000b5a   0x00000002   PAD
    0x00000b5c   0x00000b5c   0x000000bc   Code   RO         3592    .text               c_w.l(_printf_wctomb.o)
    0x00000c18   0x00000c18   0x0000007c   Code   RO         3595    .text               c_w.l(_printf_longlong_dec.o)
    0x00000c94   0x00000c94   0x00000070   Code   RO         3601    .text               c_w.l(_printf_oct_int_ll.o)
    0x00000d04   0x00000d04   0x00000094   Code   RO         3621    .text               c_w.l(_printf_hex_int_ll_ptr.o)
    0x00000d98   0x00000d98   0x00000188   Code   RO         3641    .text               c_w.l(__printf_flags_ss_wp.o)
    0x00000f20   0x00000f20   0x0000001c   Code   RO         3667    .text               c_w.l(_chval.o)
    0x00000f3c   0x00000f3c   0x0000002c   Code   RO         3669    .text               c_w.l(scanf_char.o)
    0x00000f68   0x00000f68   0x00000040   Code   RO         3671    .text               c_w.l(_sgetc.o)
    0x00000fa8   0x00000fa8   0x000000f8   Code   RO         3677    .text               c_w.l(fseek.o)
    0x000010a0   0x000010a0   0x000000f0   Code   RO         3681    .text               c_w.l(stdio.o)
    0x00001190   0x00001190   0x00000068   Code   RO         3688    .text               c_w.l(setvbuf_locked.o)
    0x000011f8   0x000011f8   0x000001c8   Code   RO         3690    .text               c_w.l(initio_locked.o)
    0x000013c0   0x000013c0   0x0000003e   Code   RO         3796    .text               c_w.l(h1_extend_mt.o)
    0x000013fe   0x000013fe   0x0000008a   Code   RO         3798    .text               c_w.l(lludiv10.o)
    0x00001488   0x00001488   0x00000012   Code   RO         3800    .text               c_w.l(isspace.o)
    0x0000149a   0x0000149a   0x000000b2   Code   RO         3802    .text               c_w.l(_printf_intcommon.o)
    0x0000154c   0x0000154c   0x0000041e   Code   RO         3804    .text               c_w.l(_printf_fp_dec.o)
    0x0000196a   0x0000196a   0x00000002   PAD
    0x0000196c   0x0000196c   0x000002fc   Code   RO         3806    .text               c_w.l(_printf_fp_hex.o)
    0x00001c68   0x00001c68   0x0000002c   Code   RO         3811    .text               c_w.l(_printf_char.o)
    0x00001c94   0x00001c94   0x0000002c   Code   RO         3813    .text               c_w.l(_printf_wchar.o)
    0x00001cc0   0x00001cc0   0x00000374   Code   RO         3816    .text               c_w.l(_scanf.o)
    0x00002034   0x00002034   0x00000042   Code   RO         3818    .text               c_w.l(ftell.o)
    0x00002076   0x00002076   0x0000004c   Code   RO         3826    .text               c_w.l(fclose.o)
    0x000020c2   0x000020c2   0x00000002   PAD
    0x000020c4   0x000020c4   0x00000144   Code   RO         3834    .text               c_w.l(fopen_locked.o)
    0x00002208   0x00002208   0x00000040   Code   RO         3840    .text               c_w.l(_wcrtomb.o)
    0x00002248   0x00002248   0x0000000a   Code   RO         3842    .text               c_w.l(defsig_exit.o)
    0x00002252   0x00002252   0x0000000e   Code   RO         3844    .text               c_w.l(defsig_rtred_outer.o)
    0x00002260   0x00002260   0x0000000e   Code   RO         3848    .text               c_w.l(defsig_rtmem_outer.o)
    0x0000226e   0x0000226e   0x00000002   PAD
    0x00002270   0x00002270   0x0000000c   Code   RO         3892    .text               c_w.l(sys_exit.o)
    0x0000227c   0x0000227c   0x00000010   Code   RO         3894    .text               c_w.l(rt_ctype_table.o)
    0x0000228c   0x0000228c   0x0000000a   Code   RO         3901    .text               c_w.l(rt_locale_twolibspace.o)
    0x00002296   0x00002296   0x00000004   Code   RO         3915    .text               c_w.l(rt_errno_addr_twolibspace.o)
    0x0000229a   0x0000229a   0x00000002   PAD
    0x0000229c   0x0000229c   0x00000080   Code   RO         3919    .text               c_w.l(_printf_fp_infnan.o)
    0x0000231c   0x0000231c   0x000000e4   Code   RO         3921    .text               c_w.l(bigflt0.o)
    0x00002400   0x00002400   0x00000032   Code   RO         3953    .text               c_w.l(defsig_general.o)
    0x00002432   0x00002432   0x00000002   PAD
    0x00002434   0x00002434   0x00000034   Code   RO         3959    .text               c_w.l(defsig_rtred_inner.o)
    0x00002468   0x00002468   0x00000050   Code   RO         3961    .text               c_w.l(defsig_rtmem_inner.o)
    0x000024b8   0x000024b8   0x0000000e   Code   RO         3976    .text               c_w.l(sys_wrch.o)
    0x000024c6   0x000024c6   0x00000002   Code   RO         3978    .text               c_w.l(use_no_semi.o)
    0x000024c8   0x000024c8   0x00000000   Code   RO         3980    .text               c_w.l(indicate_semi.o)
    0x000024c8   0x000024c8   0x0000003e   Code   RO         3924    CL$$btod_d2e        c_w.l(btod.o)
    0x00002506   0x00002506   0x00000046   Code   RO         3926    CL$$btod_d2e_denorm_low  c_w.l(btod.o)
    0x0000254c   0x0000254c   0x00000060   Code   RO         3925    CL$$btod_d2e_norm_op1  c_w.l(btod.o)
    0x000025ac   0x000025ac   0x00000338   Code   RO         3934    CL$$btod_div_common  c_w.l(btod.o)
    0x000028e4   0x000028e4   0x000000dc   Code   RO         3931    CL$$btod_e2e        c_w.l(btod.o)
    0x000029c0   0x000029c0   0x0000002a   Code   RO         3928    CL$$btod_ediv       c_w.l(btod.o)
    0x000029ea   0x000029ea   0x0000002a   Code   RO         3927    CL$$btod_emul       c_w.l(btod.o)
    0x00002a14   0x00002a14   0x00000244   Code   RO         3933    CL$$btod_mult_common  c_w.l(btod.o)
    0x00002c58   0x00002c58   0x00000004   Code   RO         2427    SVC_TABLE           svc_table.o
    0x00002c5c   0x00002c5c   0x0000000e   Code   RO          261    i.$Sub$$main        retarget.o
    0x00002c6a   0x00002c6a   0x00000002   PAD
    0x00002c6c   0x00002c6c   0x000000a0   Code   RO          528    i.SystemInit        system_LPC17xx.o
    0x00002d0c   0x00002d0c   0x00000028   Code   RO         2626    i._Z11led2_threadv  main.o
    0x00002d34   0x00002d34   0x00000088   Code   RO         2685    i._ZN4mbed10DigitalOut5writeEi  main.o
    0x00002dbc   0x00002dbc   0x0000001a   Code   RO         2679    i._ZN4mbed10DigitalOutC1E7PinName  main.o
    0x00002dd6   0x00002dd6   0x00000012   Code   RO         2673    i._ZN4mbed10DigitalOutaSEi  main.o
    0x00002de8   0x00002de8   0x00000088   Code   RO         2661    i._ZN4mbed10DigitalOutcviEv  main.o
    0x00002e70   0x00002e70   0x00000004   Code   RO         3223    i._ZN4mbed8FileBase11getPathTypeEv  mbed.ar(FileBase.o)
    0x00002e74   0x00002e74   0x0000006c   Code   RO         3225    i._ZN4mbed8FileBase6lookupEPKcj  mbed.ar(FileBase.o)
    0x00002ee0   0x00002ee0   0x00000018   Code   RO         2948    i._ZN4mbed8FilePath10fileSystemEv  mbed.ar(FilePath.o)
    0x00002ef8   0x00002ef8   0x0000001c   Code   RO         2950    i._ZN4mbed8FilePath4fileEv  mbed.ar(FilePath.o)
    0x00002f14   0x00002f14   0x0000000a   Code   RO         2951    i._ZN4mbed8FilePath6existsEv  mbed.ar(FilePath.o)
    0x00002f1e   0x00002f1e   0x00000018   Code   RO         2952    i._ZN4mbed8FilePath6isFileEv  mbed.ar(FilePath.o)
    0x00002f36   0x00002f36   0x00000004   Code   RO         2953    i._ZN4mbed8FilePath8fileNameEv  mbed.ar(FilePath.o)
    0x00002f3a   0x00002f3a   0x00000040   Code   RO         2954    i._ZN4mbed8FilePathC1EPKc  mbed.ar(FilePath.o)
    0x00002f7a   0x00002f7a   0x00000010   Code   RO          623    i._ZN4rtos5Mutex4lockEj  mutex.o
    0x00002f8a   0x00002f8a   0x0000000c   Code   RO          624    i._ZN4rtos5Mutex6unlockEv  mutex.o
    0x00002f96   0x00002f96   0x00000002   PAD
    0x00002f98   0x00002f98   0x00000054   Code   RO          626    i._ZN4rtos5MutexC1Ev  mutex.o
    0x00002fec   0x00002fec   0x0000000e   Code   RO          627    i._ZN4rtos5MutexD1Ev  mutex.o
    0x00002ffa   0x00002ffa   0x0000001a   Code   RO         2438    i._ZN4rtos6Thread11constructorE10osPriorityjPh  thread.o
    0x00003014   0x00003014   0x0000000c   Code   RO         2446    i._ZN4rtos6Thread4waitEj  thread.o
    0x00003020   0x00003020   0x0000010c   Code   RO         2447    i._ZN4rtos6Thread5startEN4mbed8CallbackIFvvEEE  thread.o
    0x0000312c   0x0000312c   0x00000054   Code   RO         2449    i._ZN4rtos6Thread6_thunkEPKv  thread.o
    0x00003180   0x00003180   0x00000032   Code   RO         2453    i._ZN4rtos6Thread9terminateEv  thread.o
    0x000031b2   0x000031b2   0x00000002   PAD
    0x000031b4   0x000031b4   0x00000048   Code   RO         2455    i._ZN4rtos6ThreadD1Ev  thread.o
    0x000031fc   0x000031fc   0x0000000c   Code   RO         2395    i._ZN4rtos9Semaphore7releaseEv  semaphore.o
    0x00003208   0x00003208   0x00000020   Code   RO         2396    i._ZN4rtos9SemaphoreC1Ei  semaphore.o
    0x00003228   0x00003228   0x0000000e   Code   RO         2397    i._ZN4rtos9SemaphoreD1Ev  semaphore.o
    0x00003236   0x00003236   0x0000000a   Code   RO          267    i._ZdaPv            retarget.o
    0x00003240   0x00003240   0x00000034   Code   RO          269    i._Znaj             retarget.o
    0x00003274   0x00003274   0x00000028   Code   RO         3974    i.__ARM_fpclassify  m_ws.l(fpclassify.o)
    0x0000329c   0x0000329c   0x00000034   Code   RO           80    i.__NVIC_SetVector  cmsis_nvic.o
    0x000032d0   0x000032d0   0x00000004   Code   RO          271    i.__aeabi_atexit    retarget.o
    0x000032d4   0x000032d4   0x00000006   Code   RO          686    i.__get_CONTROL     rt_cmsis.o
    0x000032da   0x000032da   0x00000006   Code   RO          687    i.__get_IPSR        rt_cmsis.o
    0x000032e0   0x000032e0   0x00000006   Code   RO          688    i.__get_PRIMASK     rt_cmsis.o
    0x000032e6   0x000032e6   0x00000002   PAD
    0x000032e8   0x000032e8   0x00000090   Code   RO         2627    i.__sti___8_main_cpp_led1  main.o
    0x00003378   0x00003378   0x0000002c   Code   RO         2304    i.__user_perthread_libspace  rtx_conf_cm.o
    0x000033a4   0x000033a4   0x00000010   Code   RO          521    i.__user_setup_stackheap  sys.o
    0x000033b4   0x000033b4   0x00000058   Code   RO         1524    i._init_box         rt_membox.o
    0x0000340c   0x0000340c   0x0000000e   Code   RO         3634    i._is_digit         c_w.l(__printf_wp.o)
    0x0000341a   0x0000341a   0x00000002   PAD
    0x0000341c   0x0000341c   0x00000020   Code   RO         2305    i._mutex_acquire    rtx_conf_cm.o
    0x0000343c   0x0000343c   0x0000004c   Code   RO         2306    i._mutex_initialize  rtx_conf_cm.o
    0x00003488   0x00003488   0x0000001c   Code   RO         2307    i._mutex_release    rtx_conf_cm.o
    0x000034a4   0x000034a4   0x00000008   Code   RO          274    i._platform_post_stackheap_init  retarget.o
    0x000034ac   0x000034ac   0x0000002c   Code   RO          275    i._sys_close        retarget.o
    0x000034d8   0x000034d8   0x00000028   Code   RO          278    i._sys_flen         retarget.o
    0x00003500   0x00003500   0x00000028   Code   RO          279    i._sys_istty        retarget.o
    0x00003528   0x00003528   0x000001e4   Code   RO          280    i._sys_open         retarget.o
    0x0000370c   0x0000370c   0x00000028   Code   RO          282    i._sys_seek         retarget.o
    0x00003734   0x00003734   0x0000006c   Code   RO          283    i._sys_write        retarget.o
    0x000037a0   0x000037a0   0x0000008c   Code   RO         3116    i.core_util_critical_section_enter  mbed.ar(mbed_critical.o)
    0x0000382c   0x0000382c   0x00000058   Code   RO         3117    i.core_util_critical_section_exit  mbed.ar(mbed_critical.o)
    0x00003884   0x00003884   0x00000002   Code   RO         1907    i.default_idle_hook  rtos_idle.o
    0x00003886   0x00003886   0x00000012   Code   RO         3141    i.error             mbed.ar(mbed_error.o)
    0x00003898   0x00003898   0x0000002c   Code   RO          285    i.exit              retarget.o
    0x000038c4   0x000038c4   0x00000054   Code   RO          118    i.gpio_dir          gpio_api.o
    0x00003918   0x00003918   0x0000003a   Code   RO          119    i.gpio_init         gpio_api.o
    0x00003952   0x00003952   0x00000028   Code   RO         3047    i.gpio_init_in      mbed.ar(mbed_gpio.o)
    0x0000397a   0x0000397a   0x00000002   PAD
    0x0000397c   0x0000397c   0x00000048   Code   RO         3050    i.gpio_init_out     mbed.ar(mbed_gpio.o)
    0x000039c4   0x000039c4   0x00000068   Code   RO         3051    i.gpio_init_out_ex  mbed.ar(mbed_gpio.o)
    0x00003a2c   0x00003a2c   0x00000006   Code   RO          120    i.gpio_mode         gpio_api.o
    0x00003a32   0x00003a32   0x00000048   Code   RO          693    i.isrMessageGet     rt_cmsis.o
    0x00003a7a   0x00003a7a   0x00000032   Code   RO          694    i.isrMessagePut     rt_cmsis.o
    0x00003aac   0x00003aac   0x00000034   Code   RO          695    i.isrSemaphoreRelease  rt_cmsis.o
    0x00003ae0   0x00003ae0   0x0000005e   Code   RO         1475    i.isr_mbx_receive   rt_mailbox.o
    0x00003b3e   0x00003b3e   0x00000016   Code   RO         1476    i.isr_mbx_send      rt_mailbox.o
    0x00003b54   0x00003b54   0x00000014   Code   RO         1646    i.isr_sem_send      rt_semaphore.o
    0x00003b68   0x00003b68   0x00000064   Code   RO         2628    i.main              main.o
    0x00003bcc   0x00003bcc   0x00000054   Code   RO         3095    i.mbed_assert_internal  mbed.ar(mbed_assert.o)
    0x00003c20   0x00003c20   0x00000120   Code   RO          190    i.mbed_die          mbed_board.o
    0x00003d40   0x00003d40   0x00000058   Code   RO          191    i.mbed_error_printf  mbed_board.o
    0x00003d98   0x00003d98   0x00000050   Code   RO          192    i.mbed_error_vfprintf  mbed_board.o
    0x00003de8   0x00003de8   0x00000004   Code   RO         3149    i.mbed_interface_connected  mbed.ar(mbed_interface.o)
    0x00003dec   0x00003dec   0x00000002   Code   RO          286    i.mbed_main         retarget.o
    0x00003dee   0x00003dee   0x00000002   Code   RO          287    i.mbed_sdk_init     retarget.o
    0x00003df0   0x00003df0   0x00000028   Code   RO          697    i.osDelay           rt_cmsis.o
    0x00003e18   0x00003e18   0x00000034   Code   RO          698    i.osKernelInitialize  rt_cmsis.o
    0x00003e4c   0x00003e4c   0x00000034   Code   RO          699    i.osKernelRunning   rt_cmsis.o
    0x00003e80   0x00003e80   0x000000f4   Code   RO          700    i.osKernelStart     rt_cmsis.o
    0x00003f74   0x00003f74   0x00000040   Code   RO          709    i.osMessageGet      rt_cmsis.o
    0x00003fb4   0x00003fb4   0x00000044   Code   RO          711    i.osMutexCreate     rt_cmsis.o
    0x00003ff8   0x00003ff8   0x00000028   Code   RO          712    i.osMutexDelete     rt_cmsis.o
    0x00004020   0x00004020   0x00000028   Code   RO          713    i.osMutexRelease    rt_cmsis.o
    0x00004048   0x00004048   0x0000002c   Code   RO          714    i.osMutexWait       rt_cmsis.o
    0x00004074   0x00004074   0x00000048   Code   RO          719    i.osSemaphoreCreate  rt_cmsis.o
    0x000040bc   0x000040bc   0x00000028   Code   RO          720    i.osSemaphoreDelete  rt_cmsis.o
    0x000040e4   0x000040e4   0x0000002c   Code   RO          721    i.osSemaphoreRelease  rt_cmsis.o
    0x00004110   0x00004110   0x0000006c   Code   RO          726    i.osThreadContextCreate  rt_cmsis.o
    0x0000417c   0x0000417c   0x00000012   Code   RO          727    i.osThreadCreate    rt_cmsis.o
    0x0000418e   0x0000418e   0x00000002   PAD
    0x00004190   0x00004190   0x00000038   Code   RO          728    i.osThreadExit      rt_cmsis.o
    0x000041c8   0x000041c8   0x00000048   Code   RO          733    i.osThreadTerminate  rt_cmsis.o
    0x00004210   0x00004210   0x00000020   Code   RO          735    i.osTimerCall       rt_cmsis.o
    0x00004230   0x00004230   0x00000038   Code   RO          740    i.osTimerThread     rt_cmsis.o
    0x00004268   0x00004268   0x00000044   Code   RO         2308    i.os_error          rtx_conf_cm.o
    0x000042ac   0x000042ac   0x00000008   Code   RO         2309    i.os_idle_demon     rtx_conf_cm.o
    0x000042b4   0x000042b4   0x00000030   Code   RO         1689    i.os_tick_init      rt_system.o
    0x000042e4   0x000042e4   0x00000002   Code   RO         1690    i.os_tick_irqack    rt_system.o
    0x000042e6   0x000042e6   0x00000002   PAD
    0x000042e8   0x000042e8   0x0000005c   Code   RO          203    i.pin_function      pinmap.o
    0x00004344   0x00004344   0x00000090   Code   RO          204    i.pin_mode          pinmap.o
    0x000043d4   0x000043d4   0x00000022   Code   RO         3065    i.pinmap_find_peripheral  mbed.ar(mbed_pinmap_common.o)
    0x000043f6   0x000043f6   0x00000002   PAD
    0x000043f8   0x000043f8   0x0000003c   Code   RO         3067    i.pinmap_merge      mbed.ar(mbed_pinmap_common.o)
    0x00004434   0x00004434   0x0000005c   Code   RO         3068    i.pinmap_peripheral  mbed.ar(mbed_pinmap_common.o)
    0x00004490   0x00004490   0x00000058   Code   RO         3069    i.pinmap_pinout     mbed.ar(mbed_pinmap_common.o)
    0x000044e8   0x000044e8   0x00000024   Code   RO         2310    i.pre_main          rtx_conf_cm.o
    0x0000450c   0x0000450c   0x0000001e   Code   RO         1525    i.rt_alloc_box      rt_membox.o
    0x0000452a   0x0000452a   0x00000002   PAD
    0x0000452c   0x0000452c   0x00000038   Code   RO         1781    i.rt_block          rt_task.o
    0x00004564   0x00004564   0x00000058   Code   RO         1625    i.rt_chk_robin      rt_robin.o
    0x000045bc   0x000045bc   0x00000090   Code   RO         1399    i.rt_dec_dly        rt_list.o
    0x0000464c   0x0000464c   0x00000050   Code   RO         1782    i.rt_dispatch       rt_task.o
    0x0000469c   0x0000469c   0x0000000e   Code   RO         1868    i.rt_dly_wait       rt_time.o
    0x000046aa   0x000046aa   0x00000002   PAD
    0x000046ac   0x000046ac   0x0000005c   Code   RO         1360    i.rt_evt_psh        rt_event.o
    0x00004708   0x00004708   0x0000003e   Code   RO         1526    i.rt_free_box       rt_membox.o
    0x00004746   0x00004746   0x00000002   PAD
    0x00004748   0x00004748   0x00000028   Code   RO         1783    i.rt_get_TID        rt_task.o
    0x00004770   0x00004770   0x00000032   Code   RO         1400    i.rt_get_first      rt_list.o
    0x000047a2   0x000047a2   0x00000010   Code   RO          745    i.rt_id2obj         rt_cmsis.o
    0x000047b2   0x000047b2   0x00000002   PAD
    0x000047b4   0x000047b4   0x00000048   Code   RO         1784    i.rt_init_context   rt_task.o
    0x000047fc   0x000047fc   0x00000018   Code   RO         1626    i.rt_init_robin     rt_robin.o
    0x00004814   0x00004814   0x00000094   Code   RO          552    i.rt_init_stack     hal_cm.o
    0x000048a8   0x000048a8   0x0000000c   Code   RO         1477    i.rt_mbx_check      rt_mailbox.o
    0x000048b4   0x000048b4   0x00000022   Code   RO         1478    i.rt_mbx_init       rt_mailbox.o
    0x000048d6   0x000048d6   0x00000002   PAD
    0x000048d8   0x000048d8   0x00000120   Code   RO         1479    i.rt_mbx_psh        rt_mailbox.o
    0x000049f8   0x000049f8   0x000000d8   Code   RO         1481    i.rt_mbx_wait       rt_mailbox.o
    0x00004ad0   0x00004ad0   0x0000004c   Code   RO          746    i.rt_ms2tick        rt_cmsis.o
    0x00004b1c   0x00004b1c   0x000000d0   Code   RO         1577    i.rt_mut_delete     rt_mutex.o
    0x00004bec   0x00004bec   0x00000012   Code   RO         1578    i.rt_mut_init       rt_mutex.o
    0x00004bfe   0x00004bfe   0x00000002   PAD
    0x00004c00   0x00004c00   0x0000011c   Code   RO         1579    i.rt_mut_release    rt_mutex.o
    0x00004d1c   0x00004d1c   0x00000090   Code   RO         1580    i.rt_mut_wait       rt_mutex.o
    0x00004dac   0x00004dac   0x000000a8   Code   RO         1693    i.rt_pop_req        rt_system.o
    0x00004e54   0x00004e54   0x00000024   Code   RO         1694    i.rt_psh_req        rt_system.o
    0x00004e78   0x00004e78   0x0000007c   Code   RO         1402    i.rt_psq_enq        rt_list.o
    0x00004ef4   0x00004ef4   0x0000005c   Code   RO         1403    i.rt_put_dly        rt_list.o
    0x00004f50   0x00004f50   0x00000040   Code   RO         1404    i.rt_put_prio       rt_list.o
    0x00004f90   0x00004f90   0x00000014   Code   RO         1405    i.rt_put_rdy_first  rt_list.o
    0x00004fa4   0x00004fa4   0x00000034   Code   RO         1406    i.rt_resort_prio    rt_list.o
    0x00004fd8   0x00004fd8   0x0000000c   Code   RO          553    i.rt_ret_val        hal_cm.o
    0x00004fe4   0x00004fe4   0x00000010   Code   RO          554    i.rt_ret_val2       hal_cm.o
    0x00004ff4   0x00004ff4   0x00000028   Code   RO         1407    i.rt_rmv_dly        rt_list.o
    0x0000501c   0x0000501c   0x00000034   Code   RO         1408    i.rt_rmv_list       rt_list.o
    0x00005050   0x00005050   0x0000006c   Code   RO         1647    i.rt_sem_delete     rt_semaphore.o
    0x000050bc   0x000050bc   0x00000010   Code   RO         1648    i.rt_sem_init       rt_semaphore.o
    0x000050cc   0x000050cc   0x00000038   Code   RO         1649    i.rt_sem_psh        rt_semaphore.o
    0x00005104   0x00005104   0x00000032   Code   RO         1650    i.rt_sem_send       rt_semaphore.o
    0x00005136   0x00005136   0x00000002   PAD
    0x00005138   0x00005138   0x0000003c   Code   RO         1696    i.rt_stk_check      rt_system.o
    0x00005174   0x00005174   0x00000030   Code   RO         1785    i.rt_switch_req     rt_task.o
    0x000051a4   0x000051a4   0x000000d8   Code   RO         1786    i.rt_sys_init       rt_task.o
    0x0000527c   0x0000527c   0x00000094   Code   RO         1787    i.rt_sys_start      rt_task.o
    0x00005310   0x00005310   0x00000044   Code   RO         1698    i.rt_systick        rt_system.o
    0x00005354   0x00005354   0x00000020   Code   RO          747    i.rt_tid2ptcb       rt_cmsis.o
    0x00005374   0x00005374   0x00000040   Code   RO          748    i.rt_timer_insert   rt_cmsis.o
    0x000053b4   0x000053b4   0x00000060   Code   RO         1788    i.rt_tsk_create     rt_task.o
    0x00005414   0x00005414   0x00000194   Code   RO         1789    i.rt_tsk_delete     rt_task.o
    0x000055a8   0x000055a8   0x0000009c   Code   RO         1791    i.rt_tsk_prio       rt_task.o
    0x00005644   0x00005644   0x00000018   Code   RO         1792    i.rt_tsk_self       rt_task.o
    0x0000565c   0x0000565c   0x00000010   Code   RO         1909    i.rtos_idle_loop    rtos_idle.o
    0x0000566c   0x0000566c   0x00000010   Code   RO         3172    i.semihost_connected  mbed.ar(mbed_semihost_api.o)
    0x0000567c   0x0000567c   0x0000000c   Code   RO         3175    i.semihost_exit     mbed.ar(mbed_semihost_api.o)
    0x00005688   0x00005688   0x000001c4   Code   RO          432    i.serial_baud       serial_api.o
    0x0000584c   0x0000584c   0x00000180   Code   RO          439    i.serial_init       serial_api.o
    0x000059cc   0x000059cc   0x000000cc   Code   RO          442    i.serial_irq_set_internal  serial_api.o
    0x00005a98   0x00005a98   0x00000068   Code   RO          444    i.serial_putc       serial_api.o
    0x00005b00   0x00005b00   0x0000010c   Code   RO          446    i.serial_set_flow_control  serial_api.o
    0x00005c0c   0x00005c0c   0x0000001c   Code   RO         2311    i.set_main_stack    rtx_conf_cm.o
    0x00005c28   0x00005c28   0x0000001a   Code   RO          750    i.svcDelay          rt_cmsis.o
    0x00005c42   0x00005c42   0x00000002   PAD
    0x00005c44   0x00005c44   0x00000078   Code   RO          751    i.svcKernelInitialize  rt_cmsis.o
    0x00005cbc   0x00005cbc   0x0000000c   Code   RO          752    i.svcKernelRunning  rt_cmsis.o
    0x00005cc8   0x00005cc8   0x00000060   Code   RO          753    i.svcKernelStart    rt_cmsis.o
    0x00005d28   0x00005d28   0x0000003c   Code   RO          756    i.svcMessageCreate  rt_cmsis.o
    0x00005d64   0x00005d64   0x00000056   Code   RO          757    i.svcMessageGet     rt_cmsis.o
    0x00005dba   0x00005dba   0x00000036   Code   RO          759    i.svcMutexCreate    rt_cmsis.o
    0x00005df0   0x00005df0   0x00000026   Code   RO          760    i.svcMutexDelete    rt_cmsis.o
    0x00005e16   0x00005e16   0x00000030   Code   RO          761    i.svcMutexRelease   rt_cmsis.o
    0x00005e46   0x00005e46   0x00000046   Code   RO          762    i.svcMutexWait      rt_cmsis.o
    0x00005e8c   0x00005e8c   0x0000004a   Code   RO          764    i.svcSemaphoreCreate  rt_cmsis.o
    0x00005ed6   0x00005ed6   0x00000026   Code   RO          765    i.svcSemaphoreDelete  rt_cmsis.o
    0x00005efc   0x00005efc   0x00000034   Code   RO          766    i.svcSemaphoreRelease  rt_cmsis.o
    0x00005f30   0x00005f30   0x000000a0   Code   RO          771    i.svcThreadCreate   rt_cmsis.o
    0x00005fd0   0x00005fd0   0x0000001c   Code   RO          772    i.svcThreadGetId    rt_cmsis.o
    0x00005fec   0x00005fec   0x00000044   Code   RO          776    i.svcThreadTerminate  rt_cmsis.o
    0x00006030   0x00006030   0x0000002a   Code   RO          778    i.svcTimerCall      rt_cmsis.o
    0x0000605a   0x0000605a   0x00000002   Code   RO          787    i.sysThreadError    rt_cmsis.o
    0x0000605c   0x0000605c   0x0000000c   Code   RO         2313    i.sysThreadTerminate  rtx_conf_cm.o
    0x00006068   0x00006068   0x00000058   Code   RO          788    i.sysTimerTick      rt_cmsis.o
    0x000060c0   0x000060c0   0x00000018   Code   RO         2456    i.thread_terminate_hook  thread.o
    0x000060d8   0x000060d8   0x0000004e   Code   RO         3260    i.ticker_irq_handler  mbed.ar(mbed_ticker_api.o)
    0x00006126   0x00006126   0x00000002   PAD
    0x00006128   0x00006128   0x00000014   Code   RO          448    i.uart0_irq         serial_api.o
    0x0000613c   0x0000613c   0x00000014   Code   RO          449    i.uart1_irq         serial_api.o
    0x00006150   0x00006150   0x00000014   Code   RO          450    i.uart2_irq         serial_api.o
    0x00006164   0x00006164   0x00000014   Code   RO          451    i.uart3_irq         serial_api.o
    0x00006178   0x00006178   0x00000068   Code   RO          452    i.uart_irq          serial_api.o
    0x000061e0   0x000061e0   0x0000000c   Code   RO          538    i.us_ticker_clear_interrupt  us_ticker.o
    0x000061ec   0x000061ec   0x00000010   Code   RO          539    i.us_ticker_disable_interrupt  us_ticker.o
    0x000061fc   0x000061fc   0x00000064   Code   RO          540    i.us_ticker_init    us_ticker.o
    0x00006260   0x00006260   0x0000000c   Code   RO         3083    i.us_ticker_irq_handler  mbed.ar(mbed_us_ticker_api.o)
    0x0000626c   0x0000626c   0x00000064   Code   RO          541    i.us_ticker_read    us_ticker.o
    0x000062d0   0x000062d0   0x00000014   Code   RO          542    i.us_ticker_set_interrupt  us_ticker.o
    0x000062e4   0x000062e4   0x0000001c   Code   RO         3212    i.wait_ms           mbed.ar(mbed_wait_api_no_rtos.o)
    0x00006300   0x00006300   0x0000002c   Code   RO         3947    locale$$code        c_w.l(lc_numeric_c.o)
    0x0000632c   0x0000632c   0x0000002c   Code   RO         3986    locale$$code        c_w.l(lc_ctype_c.o)
    0x00006358   0x00006358   0x0000002c   Code   RO         3250    t._ZN12SingletonPtrI13PlatformMutexEptEv  mbed.ar(FileBase.o)
    0x00006384   0x00006384   0x0000000a   Code   RO         2692    t._ZN4mbed8CallbackIFvvEE13function_callIPS1_EEvPKv  main.o
    0x0000638e   0x0000638e   0x00000002   Code   RO         2704    t._ZN4mbed8CallbackIFvvEE13function_dtorIPS1_EEvPv  main.o
    0x00006390   0x00006390   0x0000000e   Code   RO         2698    t._ZN4mbed8CallbackIFvvEE13function_moveIPS1_EEvPvPKv  main.o
    0x0000639e   0x0000639e   0x00000002   PAD
    0x000063a0   0x000063a0   0x00000030   Code   RO         2667    t._ZN4mbed8CallbackIFvvEEC1EPS1_  main.o
    0x000063d0   0x000063d0   0x0000001c   Code   RO         2591    t._ZN4mbed8CallbackIFvvEEC1ERKS2_  thread.o
    0x000063ec   0x000063ec   0x00000014   Code   RO         1976    t._ZN4mbed8CallbackIFvvEED1Ev  rtostimer.o
    0x00006400   0x00006400   0x00000004   Code   RO         3777    x$fpl$printf1       fz_ws.l(printf1.o)
    0x00006404   0x00006404   0x00000004   Code   RO         3779    x$fpl$printf2       fz_ws.l(printf2.o)
    0x00006408   0x00006408   0x00000000   Code   RO         3785    x$fpl$usenofp       fz_ws.l(usenofp.o)
    0x00006408   0x00006408   0x00000017   Data   RO          336    .constdata          retarget.o
    0x0000641f   0x0000641f   0x00000001   PAD
    0x00006420   0x00006420   0x00000120   Data   RO          454    .constdata          serial_api.o
    0x00006540   0x00006540   0x00000004   Data   RO          792    .constdata          rt_cmsis.o
    0x00006544   0x00006544   0x0000005c   Data   RO         2315    .constdata          rtx_conf_cm.o
    0x000065a0   0x000065a0   0x00000014   Data   RO         3084    .constdata          mbed.ar(mbed_us_ticker_api.o)
    0x000065b4   0x000065b4   0x00000008   Data   RO         3085    .constdata          mbed.ar(mbed_us_ticker_api.o)
    0x000065bc   0x000065bc   0x00000008   Data   RO         3593    .constdata          c_w.l(_printf_wctomb.o)
    0x000065c4   0x000065c4   0x00000028   Data   RO         3622    .constdata          c_w.l(_printf_hex_int_ll_ptr.o)
    0x000065ec   0x000065ec   0x00000011   Data   RO         3642    .constdata          c_w.l(__printf_flags_ss_wp.o)
    0x000065fd   0x000065fd   0x00000026   Data   RO         3807    .constdata          c_w.l(_printf_fp_hex.o)
    0x00006623   0x00006623   0x00000001   PAD
    0x00006624   0x00006624   0x00000094   Data   RO         3922    .constdata          c_w.l(bigflt0.o)
    0x000066b8   0x000066b8   0x00000010   Data   RO         2590    .constdata__ZTVN4rtos6ThreadE  thread.o
    0x000066c8   0x000066c8   0x00000014   Data   RO          399    .constdata__ZZN12SingletonPtrI13PlatformMutexE3getEvEs  retarget.o
    0x000066dc   0x000066dc   0x0000004e   Data   RO          400    .constdata__ZZN12SingletonPtrI13PlatformMutexE3getEvEs_0  retarget.o
    0x0000672a   0x0000672a   0x00000002   PAD
    0x0000672c   0x0000672c   0x0000000c   Data   RO         2691    .constdata__ZZN4mbed8CallbackIFvvEE8generateIPS1_EEvRKT_E3ops  main.o
    0x00006738   0x00006738   0x00000005   Data   RO         1974    .constdata__ZZNK4mbed8CallbackIFvvEE4callEvEs  rtostimer.o
    0x0000673d   0x0000673d   0x0000001b   Data   RO         1975    .constdata__ZZNK4mbed8CallbackIFvvEE4callEvEs_0  rtostimer.o
    0x00006758   0x00006758   0x00000057   Data   RO          122    .conststring        gpio_api.o
    0x000067af   0x000067af   0x00000001   PAD
    0x000067b0   0x000067b0   0x0000006d   Data   RO          193    .conststring        mbed_board.o
    0x0000681d   0x0000681d   0x00000003   PAD
    0x00006820   0x00006820   0x00000055   Data   RO          205    .conststring        pinmap.o
    0x00006875   0x00006875   0x00000003   PAD
    0x00006878   0x00006878   0x00000059   Data   RO          455    .conststring        serial_api.o
    0x000068d1   0x000068d1   0x00000003   PAD
    0x000068d4   0x000068d4   0x00000043   Data   RO         3118    .conststring        mbed.ar(mbed_critical.o)
    0x00006917   0x00006917   0x00000001   PAD
    0x00006918   0x00006918   0x00000020   Data   RO         4006    Region$$Table       anon$$obj.o
    0x00006938   0x00006938   0x0000001c   Data   RO         3946    locale$$data        c_w.l(lc_numeric_c.o)
    0x00006954   0x00006954   0x00000110   Data   RO         3985    locale$$data        c_w.l(lc_ctype_c.o)
    0x00006a64   0x00006a64   0x00000004   Data   RO         2633    .init_array         main.o
    0x00006a68   0x00006a64   0x00000000   Data   RO         3395    .init_array         c_w.l(init_aeabi.o)


    Execution Region RW_IRAM1 (Exec base: 0x100000c8, Load base: 0x00006a68, Size: 0x000014ac, Max: 0x00007f38, ABSOLUTE)

    Exec Addr    Load Addr    Size         Type   Attr      Idx    E Section Name        Object

    0x100000c8   0x00006a68   0x00000008   Data   RW          339    .data               retarget.o
    0x100000d0   0x00006a70   0x00000010   Data   RW          456    .data               serial_api.o
    0x100000e0   0x00006a80   0x00000004   Data   RW          529    .data               system_LPC17xx.o
    0x100000e4   0x00006a84   0x00000004   Data   RW          543    .data               us_ticker.o
    0x100000e8   0x00006a88   0x00000010   Data   RW          793    .data               rt_cmsis.o
    0x100000f8   0x00006a98   0x00000005   Data   RW         1608    .data               rt_oseventobserver.o
    0x100000fd   0x00006a9d   0x00000003   PAD
    0x10000100   0x00006aa0   0x00000008   Data   RW         1627    .data               rt_robin.o
    0x10000108   0x00006aa8   0x00000007   Data   RW         1701    .data               rt_system.o
    0x1000010f   0x00006aaf   0x00000001   PAD
    0x10000110   0x00006ab0   0x00000008   Data   RW         1794    .data               rt_task.o
    0x10000118   0x00006ab8   0x00000004   Data   RW         1872    .data               rt_time.o
    0x1000011c   0x00006abc   0x00000004   Data   RW         1910    .data               rtos_idle.o
    0x10000120   0x00006ac0   0x00000034   Data   RW         2316    .data               rtx_conf_cm.o
    0x10000154   0x00006af4   0x00000004   Data   RW         2481    .data               thread.o
    0x10000158   0x00006af8   0x00000008   Data   RW         3086    .data               mbed.ar(mbed_us_ticker_api.o)
    0x10000160   0x00006b00   0x00000008   Data   RW         3119    .data               mbed.ar(mbed_critical.o)
    0x10000168   0x00006b08   0x0000000c   Data   RW         3237    .data               mbed.ar(FileBase.o)
    0x10000174   0x00006b14   0x00000004   Data   RW         3361    .data               c_w.l(stdio_streams.o)
    0x10000178   0x00006b18   0x00000004   Data   RW         3362    .data               c_w.l(stdio_streams.o)
    0x1000017c   0x00006b1c   0x00000004   Data   RW         3363    .data               c_w.l(stdio_streams.o)
    0x10000180   0x00006b20   0x00000004   Data   RW         3683    .data               c_w.l(streamlock.o)
    0x10000184        -       0x00000040   Zero   RW          335    .bss                retarget.o
    0x100001c4        -       0x000000e0   Zero   RW          453    .bss                serial_api.o
    0x100002a4        -       0x00000010   Zero   RW          791    .bss                rt_cmsis.o
    0x100002b4        -       0x00000030   Zero   RW         1409    .bss                rt_list.o
    0x100002e4        -       0x00000040   Zero   RW         1793    .bss                rt_task.o
    0x10000324   0x00006b24   0x00000004   PAD
    0x10000328        -       0x00001050   Zero   RW         2314    .bss                rtx_conf_cm.o
    0x10001378        -       0x000000a0   Zero   RW         2632    .bss                main.o
    0x10001418        -       0x00000060   Zero   RW         3276    .bss                c_w.l(libspace.o)
    0x10001478        -       0x00000054   Zero   RW         3358    .bss                c_w.l(stdio_streams.o)
    0x100014cc        -       0x00000054   Zero   RW         3359    .bss                c_w.l(stdio_streams.o)
    0x10001520        -       0x00000054   Zero   RW         3360    .bss                c_w.l(stdio_streams.o)


    Execution Region RW_IRAM2 (Exec base: 0x2007c000, Load base: 0x00006b24, Size: 0x00000000, Max: 0x00004000, ABSOLUTE)

    **** No section assigned to this execution region ****


    Execution Region RW_IRAM3 (Exec base: 0x20080000, Load base: 0x00006b24, Size: 0x00000000, Max: 0x00004000, ABSOLUTE)

    **** No section assigned to this execution region ****


    Execution Region RW_IRAM4 (Exec base: 0x40038000, Load base: 0x00006b24, Size: 0x00000000, Max: 0x00000800, ABSOLUTE)

    **** No section assigned to this execution region ****


==============================================================================

Image component sizes


      Code (inc. data)   RO Data    RW Data    ZI Data      Debug   Object Name

        52          6          0          0          0         84   cmsis_nvic.o
       148         30         87          0          0        228   gpio_api.o
       176          8          0          0          0       9079   hal_cm.o
       304         36          0          0          0        904   hal_cm3.o
       674        230         16          0        160      24331   main.o
       456         70        109          0          0        260   mbed_board.o
       126         42          0          0          0      11362   mutex.o
       236         48         85          0          0        160   pinmap.o
       892        120        121          8         64       1064   retarget.o
      2684        234          4         16         16      43214   rt_cmsis.o
        92          4          0          0          0        677   rt_event.o
       638         34          0          0         48       8617   rt_list.o
       666         10          0          0          0       4169   rt_mailbox.o
       180          0          0          0          0       2109   rt_membox.o
       654         22          0          0          0       3037   rt_mutex.o
         0          0          0          5          0       1849   rt_oseventobserver.o
       112         22          0          8          0       1250   rt_robin.o
       250         12          0          0          0       3044   rt_semaphore.o
       382         58          0          7          0       6659   rt_system.o
      1340        168          0          8         64      10101   rt_task.o
        14          0          0          4          0        768   rt_time.o
        18          6          0          4          0       1465   rtos_idle.o
        20          0         32          0          0       9642   rtostimer.o
       384        150         92         52       4176      12879   rtx_conf_cm.o
        58          0          0          0          0       2140   semaphore.o
      1596        160        377         16        224        840   serial_api.o
        40         12        196          0          0        228   startup_LPC17xx.o
         4          4          0          0          0        256   svc_table.o
        16          6          0          0          0         68   sys.o
       160         10          0          4          0         68   system_LPC17xx.o
       564         90         16          4          0       9936   thread.o
       248         64          0          4          0        356   us_ticker.o

    ----------------------------------------------------------------------
     13214       1656       1180        144       4756     170844   Object Totals
         0          0         32          0          0          0   (incl. Generated)
        30          0         13          4          4          0   (incl. Padding)

    ----------------------------------------------------------------------

      Code (inc. data)   RO Data    RW Data    ZI Data      Debug   Library Member Name

        60          8          0          0          0         84   __0sscanf.o
         8          0          0          0          0         68   __main.o
       392          4         17          0          0         92   __printf_flags_ss_wp.o
        14          0          0          0          0         68   __printf_wp.o
        52          8          0          0          0          0   __scatter.o
        26          0          0          0          0          0   __scatter_copy.o
        28          0          0          0          0          0   __scatter_zi.o
        28          0          0          0          0         68   _chval.o
         6          0          0          0          0          0   _printf_a.o
         6          0          0          0          0          0   _printf_c.o
        44          0          0          0          0        108   _printf_char.o
        48          6          0          0          0         96   _printf_char_common.o
        40          0          0          0          0         68   _printf_charcount.o
         6          0          0          0          0          0   _printf_d.o
       120         16          0          0          0         92   _printf_dec.o
         6          0          0          0          0          0   _printf_e.o
         6          0          0          0          0          0   _printf_f.o
      1054          0          0          0          0        216   _printf_fp_dec.o
       764          8         38          0          0        100   _printf_fp_hex.o
       128         16          0          0          0         84   _printf_fp_infnan.o
         6          0          0          0          0          0   _printf_g.o
       148          4         40          0          0        160   _printf_hex_int_ll_ptr.o
         6          0          0          0          0          0   _printf_i.o
       178          0          0          0          0         88   _printf_intcommon.o
        10          0          0          0          0          0   _printf_l.o
         6          0          0          0          0          0   _printf_lc.o
        10          0          0          0          0          0   _printf_ll.o
         6          0          0          0          0          0   _printf_lld.o
         6          0          0          0          0          0   _printf_lli.o
         6          0          0          0          0          0   _printf_llo.o
         6          0          0          0          0          0   _printf_llu.o
         6          0          0          0          0          0   _printf_llx.o
       124         16          0          0          0         92   _printf_longlong_dec.o
         6          0          0          0          0          0   _printf_ls.o
         6          0          0          0          0          0   _printf_n.o
         6          0          0          0          0          0   _printf_o.o
       112         10          0          0          0        124   _printf_oct_int_ll.o
         6          0          0          0          0          0   _printf_p.o
        78          0          0          0          0        108   _printf_pad.o
         0          0          0          0          0          0   _printf_percent.o
         4          0          0          0          0          0   _printf_percent_end.o
         6          0          0          0          0          0   _printf_s.o
        82          0          0          0          0         80   _printf_str.o
        36          0          0          0          0         84   _printf_truncate.o
         6          0          0          0          0          0   _printf_u.o
        44          0          0          0          0        108   _printf_wchar.o
       188          6          8          0          0         92   _printf_wctomb.o
         6          0          0          0          0          0   _printf_x.o
       884          6          0          0          0        100   _scanf.o
       332          0          0          0          0         96   _scanf_int.o
        64          0          0          0          0         84   _sgetc.o
        10          0          0          0          0         68   _sputc.o
        64          0          0          0          0         92   _wcrtomb.o
       228          4        148          0          0         96   bigflt0.o
      1936        128          0          0          0        672   btod.o
        10          0          0          0          0         68   defsig_exit.o
        50          0          0          0          0         88   defsig_general.o
        80         58          0          0          0         76   defsig_rtmem_inner.o
        14          0          0          0          0         80   defsig_rtmem_outer.o
        52         38          0          0          0         76   defsig_rtred_inner.o
        14          0          0          0          0         80   defsig_rtred_outer.o
        76          0          0          0          0         88   fclose.o
       144         10          0          0          0        128   fflush_locked.o
       324          8          0          0          0        152   fopen_locked.o
       248          6          0          0          0         84   fseek.o
        66          0          0          0          0         76   ftell.o
       158          0          0          0          0        128   h1_alloc_mt.o
        62          0          0          0          0         80   h1_extend_mt.o
       118          0          0          0          0        108   h1_free_mt.o
        18          0          0          0          0         84   h1_init_mt.o
         6          0          0          0          0        152   heapauxi.o
         4          0          0          0          0        136   hguard.o
         0          0          0          0          0          0   indicate_semi.o
        36         10          0          0          0         80   init_aeabi.o
       138          0          0          0          0        168   init_alloc.o
       456         48          0          0          0        116   initio_locked.o
        18          0          0          0          0         76   isspace.o
        44         10        272          0          0         76   lc_ctype_c.o
        44         10         28          0          0         76   lc_numeric_c.o
         2          0          0          0          0          0   libinit.o
        46          0          0          0          0          0   libinit2.o
         0          0          0          0          0          0   libshutdown2.o
         8          4          0          0         96         68   libspace.o
       138          0          0          0          0         80   lludiv10.o
         0          0          0          0          0          0   maybetermalloc1.o
        16          4          0          0          0         76   rt_ctype_table.o
         4          0          0          0          0         68   rt_errno_addr_twolibspace.o
        10          0          0          0          0         76   rt_heap_descriptor_twolibspace.o
        10          0          0          0          0         76   rt_locale_twolibspace.o
        78          0          0          0          0         80   rt_memclr_w.o
       100          0          0          0          0         80   rt_memcpy_w.o
        44          8          0          0          0         84   scanf_char.o
       104          0          0          0          0         88   setvbuf_locked.o
       240          6          0          0          0        156   stdio.o
         0          0          0         12        252          0   stdio_streams.o
       128          0          0          0          0         68   strcmpv7m.o
         0          0          0          4          0          0   streamlock.o
        62          0          0          0          0         76   strlen.o
       150          0          0          0          0         80   strncmp.o
        12          4          0          0          0         68   sys_exit.o
        14          0          0          0          0         76   sys_wrch.o
         2          0          0          0          0         68   use_no_semi.o
        36          4          0          0          0         76   vsprintf.o
         4          0          0          0          0         68   printf1.o
         4          0          0          0          0         68   printf2.o
         0          0          0          0          0          0   usenofp.o
        40          0          0          0          0         68   fpclassify.o
       156         26          0         12          0        224   FileBase.o
       154          0          0          0          0        440   FilePath.o
        84         52          0          0          0         88   mbed_assert.o
       228         98         67          8          0        156   mbed_critical.o
        18          0          0          0          0         80   mbed_error.o
       216         36          0          0          0        268   mbed_gpio.o
         4          0          0          0          0         68   mbed_interface.o
       274         78          0          0          0        308   mbed_pinmap_common.o
        28          6          0          0          0        144   mbed_semihost_api.o
        78          0          0          0          0         88   mbed_ticker_api.o
        12          6         28          8          0         68   mbed_us_ticker_api.o
        28          0          0          0          0         80   mbed_wait_api_no_rtos.o

    ----------------------------------------------------------------------
     12198        770        648         44        348       9224   Library Totals
        28          0          2          0          0          0   (incl. Padding)

    ----------------------------------------------------------------------

      Code (inc. data)   RO Data    RW Data    ZI Data      Debug   Library Name

     10842        468        551         16        348       7008   c_w.l
         8          0          0          0          0        136   fz_ws.l
        40          0          0          0          0         68   m_ws.l
      1280        302         95         28          0       2012   mbed.ar

    ----------------------------------------------------------------------
     12198        770        648         44        348       9224   Library Totals

    ----------------------------------------------------------------------

==============================================================================


      Code (inc. data)   RO Data    RW Data    ZI Data      Debug   

     25412       2426       1828        188       5104     165868   Grand Totals
     25412       2426       1828        188       5104     165868   ELF Image Totals
     25412       2426       1828        188          0          0   ROM Totals

==============================================================================

    Total RO  Size (Code + RO Data)                27240 (  26.60kB)
    Total RW  Size (RW Data + ZI Data)              5292 (   5.17kB)
    Total ROM Size (Code + RO Data + RW Data)      27428 (  26.79kB)

==============================================================================

