<html>
<body>
<pre>
<h1>µVision Build Log</h1>
<h2>Tool Versions:</h2>
IDE-Version: µVision V5.24.2.0
Copyright (C) 2017 ARM Ltd and ARM Germany GmbH. All rights reserved.
License Information: b b, b, LIC=----
 
Tool Versions:
Toolchain:       MDK-Lite  Version: 5.24.1
Toolchain Path:  C:\Keil_v5\ARM\ARMCC\Bin
C Compiler:      Armcc.exe V5.06 update 5 (build 528)
Assembler:       Armasm.exe V5.06 update 5 (build 528)
Linker/Locator:  ArmLink.exe V5.06 update 5 (build 528)
Library Manager: ArmAr.exe V5.06 update 5 (build 528)
Hex Converter:   FromElf.exe V5.06 update 5 (build 528)
CPU DLL:         
Dialog DLL:      DCM.DLL V1.16.0.0
Target DLL:      CMSIS_AGDI.dll V1.28.3.0
Dialog DLL:      TCM.DLL V1.32.0.0
 
<h2>Project:</h2>
C:\Users\Mikael\Desktop\rtos_basic_uvision5_lpc1768\s5app2\rtos_basic.uvprojx
Project File Date:  09/13/2017

<h2>Output:</h2>
*** Using Compiler 'V5.06 update 5 (build 528)', folder: 'C:\Keil_v5\ARM\ARMCC\Bin'
Build target 'rtos_basic'
compiling HAL_CM.c...
compiling rt_Event.c...
compiling Mutex.cpp...
compiling rt_Mailbox.c...
compiling rt_List.c...
compiling HAL_CM3.c...
compiling rt_Memory.c...
compiling rt_MemBox.c...
compiling rt_Mutex.c...
compiling rt_OsEventObserver.c...
compiling rt_Robin.c...
compiling rt_Semaphore.c...
compiling rt_Timer.c...
compiling rt_Time.c...
compiling rtos_idle.c...
compiling rt_Task.c...
compiling rt_System.c...
compiling Semaphore.cpp...
compiling rt_CMSIS.c...
assembling SVC_Table.S...
compiling RTX_Conf_CM.c...
compiling RtosTimer.cpp...
compiling Thread.cpp...
compiling main.cpp...
linking...
Program Size: Code=25412 RO-data=1828 RW-data=188 ZI-data=5104  
FromELF: creating hex file...
".\BUILD\rtos_basic.axf" - 0 Error(s), 0 Warning(s).

<h2>Software Packages used:</h2>

Package Vendor: Keil
                http://www.keil.com/pack/Keil.LPC1700_DFP.2.2.0.pack
                Keil.LPC1700_DFP.2.2.0
                NXP LPC1700 Series Device Support, Drivers and Examples for MCB1700 and LPC1788-32

<h2>Collection of Component include folders:</h2>
  .\RTE\_rtos_basic
  C:\Keil_v5\ARM\PACK\Keil\LPC1700_DFP\2.2.0\Device\Include

<h2>Collection of Component Files used:</h2>
Build Time Elapsed:  00:00:01
</pre>
</body>
</html>
